<html>
<body>
<pre>
<h1>礦ision Build Log</h1>
<h2>Tool Versions:</h2>
IDE-Version: μVision V5.27.1.0
Copyright (C) 2019 ARM Ltd and ARM Germany GmbH. All rights reserved.
License Information: ai ai, ai, LIC=JL201-CU7ZC-9T33L-0H5RB-GL92P-EYCZ6
 
Tool Versions:
Toolchain:       MDK-ARM Plus  Version: 5.27.1.0
Toolchain Path:  e:\Keill\ARM\ARMCC\Bin
C Compiler:      Armcc.exe V5.06 update 6 (build 750)
Assembler:       Armasm.exe V5.06 update 6 (build 750)
Linker/Locator:  ArmLink.exe V5.06 update 6 (build 750)
Library Manager: ArmAr.exe V5.06 update 6 (build 750)
Hex Converter:   FromElf.exe V5.06 update 6 (build 750)
CPU DLL:         SARMCM3.DLL V5.27.1.0
Dialog DLL:      DCM.DLL V1.17.2.0
Target DLL:      STLink\ST-LINKIII-KEIL_SWO.dll V3.0.6.0
Dialog DLL:      TCM.DLL V1.36.1.0
 
<h2>Project:</h2>
F:\文档\大学\项目\自己的项目\智能小车\硬件代码\代码\USER\CESHI.uvprojx
Project File Date:  07/02/2019

<h2>Output:</h2>
*** Using Compiler 'V5.06 update 6 (build 750)', folder: 'e:\Keill\ARM\ARMCC\Bin'
Rebuild target 'ceshi'
assembling startup_stm32f10x_md.s...
compiling core_cm3.c...
compiling misc.c...
compiling stm32f10x_gpio.c...
compiling stm32f10x_rcc.c...
compiling stm32f10x_usart.c...
compiling stm32f10x_tim.c...
compiling stm32f10x_exti.c...
compiling stm32f10x_it.c...
..\DRIVES\infrared\infrared.h(19): warning:  #1-D: last line of file ends without a newline
   #endif
..\DRIVES\motor\motor.h(32): warning:  #1-D: last line of file ends without a newline
   
..\SYSTEM\system\stm32f10x_it.c: 2 warnings, 0 errors
compiling delay.c...
compiling system_stm32f10x.c...
compiling usart.c...
compiling motor.c...
..\DRIVES\motor\motor.h(32): warning:  #1-D: last line of file ends without a newline
   
..\DRIVES\motor\motor.c(321): warning:  #1-D: last line of file ends without a newline
   
..\DRIVES\motor\motor.c: 2 warnings, 0 errors
compiling avoid.c...
..\DRIVES\avoid\avoid.c(1): warning:  #1-D: last line of file ends without a newline
  #include "avoid.h"
..\DRIVES\avoid\avoid.c: 1 warning, 0 errors
compiling sys.c...
compiling wave.c...
..\DRIVES\wave\wave.c(1): warning:  #1-D: last line of file ends without a newline
  #include "wave.h"
..\DRIVES\wave\wave.c: 1 warning, 0 errors
compiling rudder.c...
..\DRIVES\rudder\rudder.h(16): warning:  #1-D: last line of file ends without a newline
   #endif
..\DRIVES\rudder\rudder.c: 1 warning, 0 errors
compiling infrared.c...
..\DRIVES\infrared\infrared.h(19): warning:  #1-D: last line of file ends without a newline
   #endif
..\DRIVES\infrared\infrared.c(117): warning:  #1-D: last line of file ends without a newline
  }
..\DRIVES\infrared\infrared.c: 2 warnings, 0 errors
compiling main.c...
..\DRIVES\motor\motor.h(32): warning:  #1-D: last line of file ends without a newline
   
..\DRIVES\rudder\rudder.h(16): warning:  #1-D: last line of file ends without a newline
   #endif
..\DRIVES\infrared\infrared.h(19): warning:  #1-D: last line of file ends without a newline
   #endif
main.c(73): warning:  #177-D: variable "data"  was declared but never referenced
     uint8_t data;
main.c(290): warning:  #1-D: last line of file ends without a newline
  }
main.c: 5 warnings, 0 errors
compiling os_core.c...
compiling os_flag.c...
compiling os_mbox.c...
compiling os_mem.c...
compiling os_mutex.c...
compiling os_q.c...
compiling os_sem.c...
compiling os_task.c...
compiling os_time.c...
assembling os_cpu_a.asm...
compiling os_tmr.c...
compiling os_cpu_c.c...
linking...
Program Size: Code=12860 RO-data=540 RW-data=216 ZI-data=12224  
FromELF: creating hex file...
"..\OBJ\CESHI.axf" - 0 Error(s), 14 Warning(s).

<h2>Software Packages used:</h2>

Package Vendor: Keil
                http://www.keil.com/pack/Keil.STM32F1xx_DFP.2.3.0.pack
                Keil.STM32F1xx_DFP.2.3.0
                STMicroelectronics STM32F1 Series Device Support, Drivers and Examples

<h2>Collection of Component include folders:</h2>
  .\RTE\_ceshi
  e:\Keill\Packs\Keil\STM32F1xx_DFP\2.3.0\Device\Include

<h2>Collection of Component Files used:</h2>
Build Time Elapsed:  00:00:08
</pre>
</body>
</html>
