Component: ARM Compiler 5.06 update 6 (build 750) Tool: armlink [4d35ed]

==============================================================================

Section Cross References

    startup_stm32f10x_md.o(STACK) refers (Special) to heapauxi.o(.text) for __use_two_region_memory
    startup_stm32f10x_md.o(HEAP) refers (Special) to heapauxi.o(.text) for __use_two_region_memory
    startup_stm32f10x_md.o(RESET) refers (Special) to heapauxi.o(.text) for __use_two_region_memory
    startup_stm32f10x_md.o(RESET) refers to startup_stm32f10x_md.o(STACK) for __initial_sp
    startup_stm32f10x_md.o(RESET) refers to startup_stm32f10x_md.o(.text) for Reset_Handler
    startup_stm32f10x_md.o(RESET) refers to stm32f10x_it.o(i.NMI_Handler) for NMI_Handler
    startup_stm32f10x_md.o(RESET) refers to stm32f10x_it.o(i.HardFault_Handler) for HardFault_Handler
    startup_stm32f10x_md.o(RESET) refers to stm32f10x_it.o(i.MemManage_Handler) for MemManage_Handler
    startup_stm32f10x_md.o(RESET) refers to stm32f10x_it.o(i.BusFault_Handler) for BusFault_Handler
    startup_stm32f10x_md.o(RESET) refers to stm32f10x_it.o(i.UsageFault_Handler) for UsageFault_Handler
    startup_stm32f10x_md.o(RESET) refers to stm32f10x_it.o(i.SVC_Handler) for SVC_Handler
    startup_stm32f10x_md.o(RESET) refers to stm32f10x_it.o(i.DebugMon_Handler) for DebugMon_Handler
    startup_stm32f10x_md.o(RESET) refers to os_cpu_a.o(.text) for PendSV_Handler
    startup_stm32f10x_md.o(RESET) refers to delay.o(i.SysTick_Handler) for SysTick_Handler
    startup_stm32f10x_md.o(RESET) refers to stm32f10x_it.o(i.EXTI9_5_IRQHandler) for EXTI9_5_IRQHandler
    startup_stm32f10x_md.o(RESET) refers to stm32f10x_it.o(i.USART1_IRQHandler) for USART1_IRQHandler
    startup_stm32f10x_md.o(RESET) refers to stm32f10x_it.o(i.EXTI15_10_IRQHandler) for EXTI15_10_IRQHandler
    startup_stm32f10x_md.o(.text) refers (Special) to heapauxi.o(.text) for __use_two_region_memory
    startup_stm32f10x_md.o(.text) refers to system_stm32f10x.o(i.SystemInit) for SystemInit
    startup_stm32f10x_md.o(.text) refers to __main.o(!!!main) for __main
    startup_stm32f10x_md.o(.text) refers to startup_stm32f10x_md.o(HEAP) for Heap_Mem
    startup_stm32f10x_md.o(.text) refers to startup_stm32f10x_md.o(STACK) for Stack_Mem
    stm32f10x_gpio.o(i.GPIO_AFIODeInit) refers to stm32f10x_rcc.o(i.RCC_APB2PeriphResetCmd) for RCC_APB2PeriphResetCmd
    stm32f10x_gpio.o(i.GPIO_DeInit) refers to stm32f10x_rcc.o(i.RCC_APB2PeriphResetCmd) for RCC_APB2PeriphResetCmd
    stm32f10x_rcc.o(i.RCC_GetClocksFreq) refers to stm32f10x_rcc.o(.data) for APBAHBPrescTable
    stm32f10x_rcc.o(i.RCC_WaitForHSEStartUp) refers to stm32f10x_rcc.o(i.RCC_GetFlagStatus) for RCC_GetFlagStatus
    stm32f10x_tim.o(i.TIM_DeInit) refers to stm32f10x_rcc.o(i.RCC_APB2PeriphResetCmd) for RCC_APB2PeriphResetCmd
    stm32f10x_tim.o(i.TIM_DeInit) refers to stm32f10x_rcc.o(i.RCC_APB1PeriphResetCmd) for RCC_APB1PeriphResetCmd
    stm32f10x_tim.o(i.TIM_ETRClockMode1Config) refers to stm32f10x_tim.o(i.TIM_ETRConfig) for TIM_ETRConfig
    stm32f10x_tim.o(i.TIM_ETRClockMode2Config) refers to stm32f10x_tim.o(i.TIM_ETRConfig) for TIM_ETRConfig
    stm32f10x_tim.o(i.TIM_ICInit) refers to stm32f10x_tim.o(i.TI1_Config) for TI1_Config
    stm32f10x_tim.o(i.TIM_ICInit) refers to stm32f10x_tim.o(i.TIM_SetIC1Prescaler) for TIM_SetIC1Prescaler
    stm32f10x_tim.o(i.TIM_ICInit) refers to stm32f10x_tim.o(i.TI2_Config) for TI2_Config
    stm32f10x_tim.o(i.TIM_ICInit) refers to stm32f10x_tim.o(i.TIM_SetIC2Prescaler) for TIM_SetIC2Prescaler
    stm32f10x_tim.o(i.TIM_ICInit) refers to stm32f10x_tim.o(i.TI3_Config) for TI3_Config
    stm32f10x_tim.o(i.TIM_ICInit) refers to stm32f10x_tim.o(i.TIM_SetIC3Prescaler) for TIM_SetIC3Prescaler
    stm32f10x_tim.o(i.TIM_ICInit) refers to stm32f10x_tim.o(i.TI4_Config) for TI4_Config
    stm32f10x_tim.o(i.TIM_ICInit) refers to stm32f10x_tim.o(i.TIM_SetIC4Prescaler) for TIM_SetIC4Prescaler
    stm32f10x_tim.o(i.TIM_ITRxExternalClockConfig) refers to stm32f10x_tim.o(i.TIM_SelectInputTrigger) for TIM_SelectInputTrigger
    stm32f10x_tim.o(i.TIM_PWMIConfig) refers to stm32f10x_tim.o(i.TI1_Config) for TI1_Config
    stm32f10x_tim.o(i.TIM_PWMIConfig) refers to stm32f10x_tim.o(i.TIM_SetIC1Prescaler) for TIM_SetIC1Prescaler
    stm32f10x_tim.o(i.TIM_PWMIConfig) refers to stm32f10x_tim.o(i.TI2_Config) for TI2_Config
    stm32f10x_tim.o(i.TIM_PWMIConfig) refers to stm32f10x_tim.o(i.TIM_SetIC2Prescaler) for TIM_SetIC2Prescaler
    stm32f10x_tim.o(i.TIM_TIxExternalClockConfig) refers to stm32f10x_tim.o(i.TI2_Config) for TI2_Config
    stm32f10x_tim.o(i.TIM_TIxExternalClockConfig) refers to stm32f10x_tim.o(i.TI1_Config) for TI1_Config
    stm32f10x_tim.o(i.TIM_TIxExternalClockConfig) refers to stm32f10x_tim.o(i.TIM_SelectInputTrigger) for TIM_SelectInputTrigger
    stm32f10x_usart.o(i.USART_DeInit) refers to stm32f10x_rcc.o(i.RCC_APB2PeriphResetCmd) for RCC_APB2PeriphResetCmd
[...]
    ../clib/angel/sys.s                      0x00000000   Number         0  indicate_semi.o ABSOLUTE
    ../clib/angel/sysapp.c                   0x00000000   Number         0  sys_exit.o ABSOLUTE
    ../clib/angel/sysapp.c                   0x00000000   Number         0  sys_wrch.o ABSOLUTE
    ../clib/angel/sysapp.c                   0x00000000   Number         0  sys_command.o ABSOLUTE
    ../clib/armsys.c                         0x00000000   Number         0  argv_veneer.o ABSOLUTE
    ../clib/armsys.c                         0x00000000   Number         0  no_argv.o ABSOLUTE
    ../clib/armsys.c                         0x00000000   Number         0  argv_veneer.o ABSOLUTE
    ../clib/armsys.c                         0x00000000   Number         0  _get_argv_nomalloc.o ABSOLUTE
    ../clib/heapalloc.c                      0x00000000   Number         0  hrguard.o ABSOLUTE
    ../clib/heapaux.c                        0x00000000   Number         0  heapauxi.o ABSOLUTE
    ../clib/libinit.s                        0x00000000   Number         0  libshutdown.o ABSOLUTE
    ../clib/libinit.s                        0x00000000   Number         0  libinit2.o ABSOLUTE
    ../clib/libinit.s                        0x00000000   Number         0  libshutdown2.o ABSOLUTE
    ../clib/libinit.s                        0x00000000   Number         0  libinit.o ABSOLUTE
    ../clib/signal.c                         0x00000000   Number         0  defsig_fpe_inner.o ABSOLUTE
    ../clib/signal.c                         0x00000000   Number         0  defsig_other.o ABSOLUTE
    ../clib/signal.c                         0x00000000   Number         0  defsig_segv_inner.o ABSOLUTE
    ../clib/signal.c                         0x00000000   Number         0  defsig_rtmem_outer.o ABSOLUTE
    ../clib/signal.c                         0x00000000   Number         0  defsig_rtmem_formal.o ABSOLUTE
    ../clib/signal.c                         0x00000000   Number         0  defsig_rtmem_inner.o ABSOLUTE
    ../clib/signal.c                         0x00000000   Number         0  __raise.o ABSOLUTE
    ../clib/signal.c                         0x00000000   Number         0  defsig_cppl_inner.o ABSOLUTE
    ../clib/signal.c                         0x00000000   Number         0  defsig_general.o ABSOLUTE
    ../clib/signal.c                         0x00000000   Number         0  defsig_pvfn_inner.o ABSOLUTE
    ../clib/signal.c                         0x00000000   Number         0  defsig_exit.o ABSOLUTE
    ../clib/signal.c                         0x00000000   Number         0  defsig_abrt_inner.o ABSOLUTE
    ../clib/signal.c                         0x00000000   Number         0  defsig_stak_inner.o ABSOLUTE
    ../clib/signal.c                         0x00000000   Number         0  defsig_rtred_inner.o ABSOLUTE
    ../clib/signal.s                         0x00000000   Number         0  defsig.o ABSOLUTE
    ../clib/stdlib.c                         0x00000000   Number         0  exit.o ABSOLUTE
    ../fplib/fpinit.s                        0x00000000   Number         0  fpinit.o ABSOLUTE
    ..\CORE\core_cm3.c                       0x00000000   Number         0  core_cm3.o ABSOLUTE
    ..\CORE\startup_stm32f10x_md.s           0x00000000   Number         0  startup_stm32f10x_md.o ABSOLUTE
    ..\DRIVES\avoid\avoid.c                  0x00000000   Number         0  avoid.o ABSOLUTE
    ..\DRIVES\infrared\infrared.c            0x00000000   Number         0  infrared.o ABSOLUTE
    ..\DRIVES\motor\motor.c                  0x00000000   Number         0  motor.o ABSOLUTE
    ..\DRIVES\rudder\rudder.c                0x00000000   Number         0  rudder.o ABSOLUTE
    ..\DRIVES\wave\wave.c                    0x00000000   Number         0  wave.o ABSOLUTE
    ..\LIB\src\misc.c                        0x00000000   Number         0  misc.o ABSOLUTE
    ..\LIB\src\stm32f10x_exti.c              0x00000000   Number         0  stm32f10x_exti.o ABSOLUTE
    ..\LIB\src\stm32f10x_gpio.c              0x00000000   Number         0  stm32f10x_gpio.o ABSOLUTE
    ..\LIB\src\stm32f10x_rcc.c               0x00000000   Number         0  stm32f10x_rcc.o ABSOLUTE
    ..\LIB\src\stm32f10x_tim.c               0x00000000   Number         0  stm32f10x_tim.o ABSOLUTE
    ..\LIB\src\stm32f10x_usart.c             0x00000000   Number         0  stm32f10x_usart.o ABSOLUTE
    ..\SYSTEM\delay\delay.c                  0x00000000   Number         0  delay.o ABSOLUTE
    ..\SYSTEM\system\stm32f10x_it.c          0x00000000   Number         0  stm32f10x_it.o ABSOLUTE
    ..\SYSTEM\system\sys.c                   0x00000000   Number         0  sys.o ABSOLUTE
    ..\SYSTEM\system\system_stm32f10x.c      0x00000000   Number         0  system_stm32f10x.o ABSOLUTE
    ..\SYSTEM\usart\usart.c                  0x00000000   Number         0  usart.o ABSOLUTE
    ..\UCOSII\CORE\os_core.c                 0x00000000   Number         0  os_core.o ABSOLUTE
    ..\UCOSII\CORE\os_flag.c                 0x00000000   Number         0  os_flag.o ABSOLUTE
    ..\UCOSII\CORE\os_mbox.c                 0x00000000   Number         0  os_mbox.o ABSOLUTE
    ..\UCOSII\CORE\os_mem.c                  0x00000000   Number         0  os_mem.o ABSOLUTE
    ..\UCOSII\CORE\os_mutex.c                0x00000000   Number         0  os_mutex.o ABSOLUTE
    ..\UCOSII\CORE\os_q.c                    0x00000000   Number         0  os_q.o ABSOLUTE
    ..\UCOSII\CORE\os_sem.c                  0x00000000   Number         0  os_sem.o ABSOLUTE
    ..\UCOSII\CORE\os_task.c                 0x00000000   Number         0  os_task.o ABSOLUTE
    ..\UCOSII\CORE\os_time.c                 0x00000000   Number         0  os_time.o ABSOLUTE
    ..\UCOSII\CORE\os_tmr.c                  0x00000000   Number         0  os_tmr.o ABSOLUTE
    ..\UCOSII\PORT\os_cpu_a.asm              0x00000000   Number         0  os_cpu_a.o ABSOLUTE
    ..\UCOSII\PORT\os_cpu_c.c                0x00000000   Number         0  os_cpu_c.o ABSOLUTE
    ..\\CORE\\core_cm3.c                     0x00000000   Number         0  core_cm3.o ABSOLUTE
    ..\\SYSTEM\\system\\sys.c                0x00000000   Number         0  sys.o ABSOLUTE
    dc.s                                     0x00000000   Number         0  dc.o ABSOLUTE
    main.c                                   0x00000000   Number         0  main.o ABSOLUTE
    RESET                                    0x08000000   Section      236  startup_stm32f10x_md.o(RESET)
    !!!main                                  0x080000ec   Section        8  __main.o(!!!main)
    !!!scatter                               0x080000f4   Section       52  __scatter.o(!!!scatter)
    !!handler_copy                           0x08000128   Section       26  __scatter_copy.o(!!handler_copy)
    !!handler_zi                             0x08000144   Section       28  __scatter_zi.o(!!handler_zi)
    .ARM.Collect$$libinit$$00000000          0x08000160   Section        2  libinit.o(.ARM.Collect$$libinit$$00000000)
    .ARM.Collect$$libinit$$00000002          0x08000162   Section        0  libinit2.o(.ARM.Collect$$libinit$$00000002)
    .ARM.Collect$$libinit$$00000004          0x08000162   Section        0  libinit2.o(.ARM.Collect$$libinit$$00000004)
    .ARM.Collect$$libinit$$0000000A          0x08000162   Section        0  libinit2.o(.ARM.Collect$$libinit$$0000000A)
    .ARM.Collect$$libinit$$0000000C          0x08000162   Section        0  libinit2.o(.ARM.Collect$$libinit$$0000000C)
    .ARM.Collect$$libinit$$0000000E          0x08000162   Section        0  libinit2.o(.ARM.Collect$$libinit$$0000000E)
    .ARM.Collect$$libinit$$00000011          0x08000162   Section        0  libinit2.o(.ARM.Collect$$libinit$$00000011)
    .ARM.Collect$$libinit$$00000013          0x08000162   Section        0  libinit2.o(.ARM.Collect$$libinit$$00000013)
    .ARM.Collect$$libinit$$00000015          0x08000162   Section        0  libinit2.o(.ARM.Collect$$libinit$$00000015)
    .ARM.Collect$$libinit$$00000017          0x08000162   Section        0  libinit2.o(.ARM.Collect$$libinit$$00000017)
    .ARM.Collect$$libinit$$00000019          0x08000162   Section        0  libinit2.o(.ARM.Collect$$libinit$$00000019)
    .ARM.Collect$$libinit$$0000001B          0x08000162   Section        0  libinit2.o(.ARM.Collect$$libinit$$0000001B)
    .ARM.Collect$$libinit$$0000001D          0x08000162   Section        0  libinit2.o(.ARM.Collect$$libinit$$0000001D)
    .ARM.Collect$$libinit$$0000001F          0x08000162   Section        0  libinit2.o(.ARM.Collect$$libinit$$0000001F)
    .ARM.Collect$$libinit$$00000021          0x08000162   Section        0  libinit2.o(.ARM.Collect$$libinit$$00000021)
    .ARM.Collect$$libinit$$00000023          0x08000162   Section        0  libinit2.o(.ARM.Collect$$libinit$$00000023)
    .ARM.Collect$$libinit$$00000025          0x08000162   Section        0  libinit2.o(.ARM.Collect$$libinit$$00000025)
    .ARM.Collect$$libinit$$0000002C          0x08000162   Section        0  libinit2.o(.ARM.Collect$$libinit$$0000002C)
    .ARM.Collect$$libinit$$0000002E          0x08000162   Section        0  libinit2.o(.ARM.Collect$$libinit$$0000002E)
    .ARM.Collect$$libinit$$00000030          0x08000162   Section        0  libinit2.o(.ARM.Collect$$libinit$$00000030)
    .ARM.Collect$$libinit$$00000032          0x08000162   Section        0  libinit2.o(.ARM.Collect$$libinit$$00000032)
    .ARM.Collect$$libinit$$00000033          0x08000162   Section        2  libinit2.o(.ARM.Collect$$libinit$$00000033)
    .ARM.Collect$$libshutdown$$00000000      0x08000164   Section        2  libshutdown.o(.ARM.Collect$$libshutdown$$00000000)
    .ARM.Collect$$libshutdown$$00000002      0x08000166   Section        0  libshutdown2.o(.ARM.Collect$$libshutdown$$00000002)
    .ARM.Collect$$libshutdown$$00000004      0x08000166   Section        0  libshutdown2.o(.ARM.Collect$$libshutdown$$00000004)
    .ARM.Collect$$libshutdown$$00000007      0x08000166   Section        0  libshutdown2.o(.ARM.Collect$$libshutdown$$00000007)
    .ARM.Collect$$libshutdown$$0000000A      0x08000166   Section        0  libshutdown2.o(.ARM.Collect$$libshutdown$$0000000A)
    .ARM.Collect$$libshutdown$$0000000C      0x08000166   Section        0  libshutdown2.o(.ARM.Collect$$libshutdown$$0000000C)
    .ARM.Collect$$libshutdown$$0000000F      0x08000166   Section        0  libshutdown2.o(.ARM.Collect$$libshutdown$$0000000F)
    .ARM.Collect$$libshutdown$$00000010      0x08000166   Section        2  libshutdown2.o(.ARM.Collect$$libshutdown$$00000010)
    .ARM.Collect$$rtentry$$00000000          0x08000168   Section        0  __rtentry.o(.ARM.Collect$$rtentry$$00000000)
    .ARM.Collect$$rtentry$$00000002          0x08000168   Section        0  __rtentry2.o(.ARM.Collect$$rtentry$$00000002)
    .ARM.Collect$$rtentry$$00000004          0x08000168   Section        6  __rtentry4.o(.ARM.Collect$$rtentry$$00000004)
    .ARM.Collect$$rtentry$$00000009          0x0800016e   Section        0  __rtentry2.o(.ARM.Collect$$rtentry$$00000009)
    .ARM.Collect$$rtentry$$0000000A          0x0800016e   Section        4  __rtentry2.o(.ARM.Collect$$rtentry$$0000000A)
    .ARM.Collect$$rtentry$$0000000C          0x08000172   Section        0  __rtentry2.o(.ARM.Collect$$rtentry$$0000000C)
    .ARM.Collect$$rtentry$$0000000D          0x08000172   Section        8  __rtentry2.o(.ARM.Collect$$rtentry$$0000000D)
    .ARM.Collect$$rtexit$$00000000           0x0800017a   Section        2  rtexit.o(.ARM.Collect$$rtexit$$00000000)
    .ARM.Collect$$rtexit$$00000002           0x0800017c   Section        0  rtexit2.o(.ARM.Collect$$rtexit$$00000002)
    .ARM.Collect$$rtexit$$00000003           0x0800017c   Section        4  rtexit2.o(.ARM.Collect$$rtexit$$00000003)
    .ARM.Collect$$rtexit$$00000004           0x08000180   Section        6  rtexit2.o(.ARM.Collect$$rtexit$$00000004)
    .text                                    0x08000188   Section       64  startup_stm32f10x_md.o(.text)
    .text                                    0x080001c8   Section      180  os_cpu_a.o(.text)
    .text                                    0x0800027c   Section        0  heapauxi.o(.text)
    .text                                    0x08000282   Section       74  sys_stackheap_outer.o(.text)
    .text                                    0x080002cc   Section        0  exit.o(.text)
    .text                                    0x080002e0   Section        8  libspace.o(.text)
    .text                                    0x080002e8   Section        0  sys_exit.o(.text)
    .text                                    0x080002f4   Section        2  use_no_semi.o(.text)
    .text                                    0x080002f6   Section        0  indicate_semi.o(.text)
    i.BusFault_Handler                       0x080002f6   Section        0  stm32f10x_it.o(i.BusFault_Handler)
    i.DG_task                                0x080002fc   Section        0  main.o(i.DG_task)
    i.DebugMon_Handler                       0x080003a4   Section        0  stm32f10x_it.o(i.DebugMon_Handler)
    i.EXTI15_10_IRQHandler                   0x080003a8   Section        0  stm32f10x_it.o(i.EXTI15_10_IRQHandler)
    i.EXTI9_5_IRQHandler                     0x08000464   Section        0  stm32f10x_it.o(i.EXTI9_5_IRQHandler)
    i.EXTI_ClearITPendingBit                 0x080004f8   Section        0  stm32f10x_exti.o(i.EXTI_ClearITPendingBit)
    i.EXTI_Init                              0x08000504   Section        0  stm32f10x_exti.o(i.EXTI_Init)
    i.GPIO_EXTILineConfig                    0x08000598   Section        0  stm32f10x_gpio.o(i.GPIO_EXTILineConfig)
    i.GPIO_Init                              0x080005d8   Section        0  stm32f10x_gpio.o(i.GPIO_Init)
    i.GPIO_PinRemapConfig                    0x080006f0   Section        0  stm32f10x_gpio.o(i.GPIO_PinRemapConfig)
    i.GPIO_ReadInputDataBit                  0x08000780   Section        0  stm32f10x_gpio.o(i.GPIO_ReadInputDataBit)
    i.GPIO_ResetBits                         0x08000792   Section        0  stm32f10x_gpio.o(i.GPIO_ResetBits)
    i.GPIO_SetBits                           0x08000796   Section        0  stm32f10x_gpio.o(i.GPIO_SetBits)
    i.HardFault_Handler                      0x0800079a   Section        0  stm32f10x_it.o(i.HardFault_Handler)
    i.LED1_task                              0x080007a0   Section        0  main.o(i.LED1_task)
    i.MemManage_Handler                      0x080007fc   Section        0  stm32f10x_it.o(i.MemManage_Handler)
    i.NMI_Handler                            0x08000800   Section        0  stm32f10x_it.o(i.NMI_Handler)
    i.NVIC_Init                              0x08000804   Section        0  misc.o(i.NVIC_Init)
    i.NVIC_PriorityGroupConfig               0x08000874   Section        0  misc.o(i.NVIC_PriorityGroupConfig)
    i.OSInit                                 0x08000888   Section        0  os_core.o(i.OSInit)
    i.OSInitHookBegin                        0x080008b8   Section        0  os_cpu_c.o(i.OSInitHookBegin)
    i.OSInitHookEnd                          0x080008c4   Section        0  os_cpu_c.o(i.OSInitHookEnd)
    i.OSIntEnter                             0x080008c8   Section        0  os_core.o(i.OSIntEnter)
    i.OSIntExit                              0x080008ec   Section        0  os_core.o(i.OSIntExit)
    i.OSMutexCreate                          0x0800097c   Section        0  os_mutex.o(i.OSMutexCreate)
    i.OSMutexPend                            0x08000a10   Section        0  os_mutex.o(i.OSMutexPend)
    i.OSMutexPost                            0x08000c48   Section        0  os_mutex.o(i.OSMutexPost)
    i.OSMutex_RdyAtPrio                      0x08000d10   Section        0  os_mutex.o(i.OSMutex_RdyAtPrio)
    OSMutex_RdyAtPrio                        0x08000d11   Thumb Code   114  os_mutex.o(i.OSMutex_RdyAtPrio)
    i.OSSchedLock                            0x08000d94   Section        0  os_core.o(i.OSSchedLock)
    i.OSSchedUnlock                          0x08000dd4   Section        0  os_core.o(i.OSSchedUnlock)
    i.OSSemCreate                            0x08000e34   Section        0  os_sem.o(i.OSSemCreate)
    i.OSSemPend                              0x08000e80   Section        0  os_sem.o(i.OSSemPend)
    i.OSSemPost                              0x08000f6c   Section        0  os_sem.o(i.OSSemPost)
    i.OSStart                                0x08000fc4   Section        0  os_core.o(i.OSStart)
    i.OSTCBInitHook                          0x0800100c   Section        0  os_cpu_c.o(i.OSTCBInitHook)
    i.OSTaskCreate                           0x08001010   Section        0  os_task.o(i.OSTaskCreate)
    i.OSTaskCreateExt                        0x080010b0   Section        0  os_task.o(i.OSTaskCreateExt)
    i.OSTaskCreateHook                       0x08001168   Section        0  os_cpu_c.o(i.OSTaskCreateHook)
    i.OSTaskIdleHook                         0x0800116a   Section        0  os_cpu_c.o(i.OSTaskIdleHook)
    i.OSTaskNameSet                          0x0800116c   Section        0  os_task.o(i.OSTaskNameSet)
    i.OSTaskStatHook                         0x080011dc   Section        0  os_cpu_c.o(i.OSTaskStatHook)
    i.OSTaskStkChk                           0x080011e0   Section        0  os_task.o(i.OSTaskStkChk)
    i.OSTaskStkInit                          0x0800126c   Section        0  os_cpu_c.o(i.OSTaskStkInit)
    i.OSTaskSuspend                          0x08001308   Section        0  os_task.o(i.OSTaskSuspend)
    i.OSTaskSwHook                           0x080013b0   Section        0  os_cpu_c.o(i.OSTaskSwHook)
    i.OSTimeDly                              0x080013b4   Section        0  os_time.o(i.OSTimeDly)
    i.OSTimeTick                             0x0800142c   Section        0  os_core.o(i.OSTimeTick)
    i.OSTimeTickHook                         0x08001518   Section        0  os_cpu_c.o(i.OSTimeTickHook)
    i.OSTmrCreate                            0x0800153c   Section        0  os_tmr.o(i.OSTmrCreate)
    i.OSTmrSignal                            0x080015a0   Section        0  os_tmr.o(i.OSTmrSignal)
    i.OSTmrStart                             0x080015b4   Section        0  os_tmr.o(i.OSTmrStart)
    i.OSTmrStop                              0x08001638   Section        0  os_tmr.o(i.OSTmrStop)
    i.OSTmr_Alloc                            0x080016f0   Section        0  os_tmr.o(i.OSTmr_Alloc)
    OSTmr_Alloc                              0x080016f1   Thumb Code    50  os_tmr.o(i.OSTmr_Alloc)
    i.OSTmr_Init                             0x08001730   Section        0  os_tmr.o(i.OSTmr_Init)
    i.OSTmr_InitTask                         0x080017e8   Section        0  os_tmr.o(i.OSTmr_InitTask)
    OSTmr_InitTask                           0x080017e9   Thumb Code    50  os_tmr.o(i.OSTmr_InitTask)
    i.OSTmr_Link                             0x08001838   Section        0  os_tmr.o(i.OSTmr_Link)
    OSTmr_Link                               0x08001839   Thumb Code   100  os_tmr.o(i.OSTmr_Link)
    i.OSTmr_Task                             0x080018a4   Section        0  os_tmr.o(i.OSTmr_Task)
    OSTmr_Task                               0x080018a5   Thumb Code   114  os_tmr.o(i.OSTmr_Task)
    i.OSTmr_Unlink                           0x08001924   Section        0  os_tmr.o(i.OSTmr_Unlink)
    OSTmr_Unlink                             0x08001925   Thumb Code    62  os_tmr.o(i.OSTmr_Unlink)
    i.OS_EventTaskRdy                        0x08001968   Section        0  os_core.o(i.OS_EventTaskRdy)
    i.OS_EventTaskRemove                     0x080019ec   Section        0  os_core.o(i.OS_EventTaskRemove)
    i.OS_EventTaskWait                       0x08001a18   Section        0  os_core.o(i.OS_EventTaskWait)
    i.OS_EventWaitListInit                   0x08001a94   Section        0  os_core.o(i.OS_EventWaitListInit)
    i.OS_FlagInit                            0x08001ab0   Section        0  os_flag.o(i.OS_FlagInit)
    i.OS_InitEventList                       0x08001b08   Section        0  os_core.o(i.OS_InitEventList)
    OS_InitEventList                         0x08001b09   Thumb Code    74  os_core.o(i.OS_InitEventList)
    i.OS_InitMisc                            0x08001b5c   Section        0  os_core.o(i.OS_InitMisc)
    OS_InitMisc                              0x08001b5d   Thumb Code    44  os_core.o(i.OS_InitMisc)
    i.OS_InitRdyList                         0x08001bb0   Section        0  os_core.o(i.OS_InitRdyList)
    OS_InitRdyList                           0x08001bb1   Thumb Code    44  os_core.o(i.OS_InitRdyList)
    i.OS_InitTCBList                         0x08001bf4   Section        0  os_core.o(i.OS_InitTCBList)
    OS_InitTCBList                           0x08001bf5   Thumb Code   106  os_core.o(i.OS_InitTCBList)
    i.OS_InitTaskIdle                        0x08001c74   Section        0  os_core.o(i.OS_InitTaskIdle)
    OS_InitTaskIdle                          0x08001c75   Thumb Code    50  os_core.o(i.OS_InitTaskIdle)
    i.OS_InitTaskStat                        0x08001cc4   Section        0  os_core.o(i.OS_InitTaskStat)
    OS_InitTaskStat                          0x08001cc5   Thumb Code    50  os_core.o(i.OS_InitTaskStat)
    i.OS_MemClr                              0x08001d14   Section        0  os_core.o(i.OS_MemClr)
    i.OS_QInit                               0x08001d28   Section        0  os_q.o(i.OS_QInit)
    i.OS_Sched                               0x08001d78   Section        0  os_core.o(i.OS_Sched)
    i.OS_SchedNew                            0x08001dec   Section        0  os_core.o(i.OS_SchedNew)
    OS_SchedNew                              0x08001ded   Thumb Code    26  os_core.o(i.OS_SchedNew)
    i.OS_TCBInit                             0x08001e18   Section        0  os_core.o(i.OS_TCBInit)
    i.OS_TaskIdle                            0x08001f4c   Section        0  os_core.o(i.OS_TaskIdle)
    i.OS_TaskStat                            0x08001f74   Section        0  os_core.o(i.OS_TaskStat)
    i.OS_TaskStatStkChk                      0x08001ffc   Section        0  os_core.o(i.OS_TaskStatStkChk)
    i.OS_TaskStkClr                          0x08002038   Section        0  os_task.o(i.OS_TaskStkClr)
    i.RCC_APB1PeriphClockCmd                 0x08002054   Section        0  stm32f10x_rcc.o(i.RCC_APB1PeriphClockCmd)
    i.RCC_APB2PeriphClockCmd                 0x08002074   Section        0  stm32f10x_rcc.o(i.RCC_APB2PeriphClockCmd)
    i.RCC_GetClocksFreq                      0x08002094   Section        0  stm32f10x_rcc.o(i.RCC_GetClocksFreq)
    i.SVC_Handler                            0x08002168   Section        0  stm32f10x_it.o(i.SVC_Handler)
    i.SetSysClock                            0x0800216a   Section        0  system_stm32f10x.o(i.SetSysClock)
    SetSysClock                              0x0800216b   Thumb Code     8  system_stm32f10x.o(i.SetSysClock)
    i.SetSysClockTo72                        0x08002174   Section        0  system_stm32f10x.o(i.SetSysClockTo72)
    SetSysClockTo72                          0x08002175   Thumb Code   214  system_stm32f10x.o(i.SetSysClockTo72)
    i.SysTick_Handler                        0x08002254   Section        0  delay.o(i.SysTick_Handler)
    i.SystemInit                             0x08002264   Section        0  system_stm32f10x.o(i.SystemInit)
    i.TIM_ARRPreloadConfig                   0x080022c4   Section        0  stm32f10x_tim.o(i.TIM_ARRPreloadConfig)
    i.TIM_Cmd                                0x080022dc   Section        0  stm32f10x_tim.o(i.TIM_Cmd)
    i.TIM_OC1Init                            0x080022f4   Section        0  stm32f10x_tim.o(i.TIM_OC1Init)
    i.TIM_OC1PreloadConfig                   0x0800238c   Section        0  stm32f10x_tim.o(i.TIM_OC1PreloadConfig)
    i.TIM_OC2Init                            0x080023a0   Section        0  stm32f10x_tim.o(i.TIM_OC2Init)
    i.TIM_OC2PreloadConfig                   0x08002444   Section        0  stm32f10x_tim.o(i.TIM_OC2PreloadConfig)
    i.TIM_OC3Init                            0x08002460   Section        0  stm32f10x_tim.o(i.TIM_OC3Init)
    i.TIM_OC3PreloadConfig                   0x08002500   Section        0  stm32f10x_tim.o(i.TIM_OC3PreloadConfig)
    i.TIM_OC4Init                            0x08002514   Section        0  stm32f10x_tim.o(i.TIM_OC4Init)
    i.TIM_OC4PreloadConfig                   0x08002590   Section        0  stm32f10x_tim.o(i.TIM_OC4PreloadConfig)
    i.TIM_OCStructInit                       0x080025aa   Section        0  stm32f10x_tim.o(i.TIM_OCStructInit)
    i.TIM_TimeBaseInit                       0x080025c0   Section        0  stm32f10x_tim.o(i.TIM_TimeBaseInit)
    i.TIM_TimeBaseStructInit                 0x08002664   Section        0  stm32f10x_tim.o(i.TIM_TimeBaseStructInit)
    i.USART1_IRQHandler                      0x08002678   Section        0  stm32f10x_it.o(i.USART1_IRQHandler)
    i.USART_ClearFlag                        0x080026e0   Section        0  stm32f10x_usart.o(i.USART_ClearFlag)
    i.USART_Cmd                              0x080026f2   Section        0  stm32f10x_usart.o(i.USART_Cmd)
    i.USART_GetFlagStatus                    0x0800270a   Section        0  stm32f10x_usart.o(i.USART_GetFlagStatus)
    i.USART_GetITStatus                      0x08002724   Section        0  stm32f10x_usart.o(i.USART_GetITStatus)
    i.USART_ITConfig                         0x08002778   Section        0  stm32f10x_usart.o(i.USART_ITConfig)
    i.USART_Init                             0x080027c4   Section        0  stm32f10x_usart.o(i.USART_Init)
    i.USART_ReceiveData                      0x0800289c   Section        0  stm32f10x_usart.o(i.USART_ReceiveData)
    i.USART_SendData                         0x080028a6   Section        0  stm32f10x_usart.o(i.USART_SendData)
    i.UsageFault_Handler                     0x080028ae   Section        0  stm32f10x_it.o(i.UsageFault_Handler)
    i.delay_init                             0x080028b4   Section        0  delay.o(i.delay_init)
    i.delay_ms                               0x08002910   Section        0  delay.o(i.delay_ms)
    i.delay_us                               0x08002958   Section        0  delay.o(i.delay_us)
    i.exti_init                              0x080029b4   Section        0  infrared.o(i.exti_init)
    exti_init                                0x080029b5   Thumb Code   156  infrared.o(i.exti_init)
    i.gpio_init                              0x08002a50   Section        0  usart.o(i.gpio_init)
    gpio_init                                0x08002a51   Thumb Code    54  usart.o(i.gpio_init)
    i.gpio_init                              0x08002a8c   Section        0  infrared.o(i.gpio_init)
    gpio_init                                0x08002a8d   Thumb Code    42  infrared.o(i.gpio_init)
    i.infrared_init                          0x08002ac0   Section        0  infrared.o(i.infrared_init)
    i.main                                   0x08002ad4   Section        0  main.o(i.main)
    i.motor_config                           0x08002b14   Section        0  motor.o(i.motor_config)
    i.motor_direction                        0x08002b24   Section        0  motor.o(i.motor_direction)
    i.motor_gpio_change                      0x08002bb0   Section        0  motor.o(i.motor_gpio_change)
    i.motor_gpio_config                      0x08002ca0   Section        0  motor.o(i.motor_gpio_config)
    i.motor_pwm                              0x08002d10   Section        0  motor.o(i.motor_pwm)
    i.motor_rcc_config                       0x08002d60   Section        0  motor.o(i.motor_rcc_config)
    i.motor_tim_change                       0x08002d8c   Section        0  motor.o(i.motor_tim_change)
    i.motor_tim_config                       0x08002dc8   Section        0  motor.o(i.motor_tim_config)
    i.nvic_init                              0x08002ea4   Section        0  usart.o(i.nvic_init)
    nvic_init                                0x08002ea5   Thumb Code    32  usart.o(i.nvic_init)
    i.nvic_init                              0x08002ec4   Section        0  infrared.o(i.nvic_init)
    nvic_init                                0x08002ec5   Thumb Code    58  infrared.o(i.nvic_init)
    i.rcc_init                               0x08002efe   Section        0  usart.o(i.rcc_init)
    rcc_init                                 0x08002eff   Thumb Code    14  usart.o(i.rcc_init)
    i.rcc_init                               0x08002f0c   Section        0  infrared.o(i.rcc_init)
    rcc_init                                 0x08002f0d   Thumb Code    20  infrared.o(i.rcc_init)
    i.rudder_change                          0x08002f20   Section        0  rudder.o(i.rudder_change)
    i.rudder_init                            0x08002f54   Section        0  rudder.o(i.rudder_init)
    i.start_task                             0x08002f80   Section        0  main.o(i.start_task)
    i.tmr1_callback                          0x08002ffc   Section        0  main.o(i.tmr1_callback)
    i.usart1_task                            0x08003030   Section        0  main.o(i.usart1_task)
    i.usart_init                             0x080032cc   Section        0  usart.o(i.usart_init)
    i.usart_send_byte                        0x08003308   Section        0  usart.o(i.usart_send_byte)
    .constdata                               0x08003328   Section       16  usart.o(.constdata)
    .constdata                               0x08003338   Section      256  os_core.o(.constdata)
    .data                                    0x20000000   Section       20  stm32f10x_rcc.o(.data)
    APBAHBPrescTable                         0x20000000   Data          16  stm32f10x_rcc.o(.data)
    ADCPrescTable                            0x20000010   Data           4  stm32f10x_rcc.o(.data)
    .data                                    0x20000014   Section        4  delay.o(.data)
    fac_us                                   0x20000014   Data           1  delay.o(.data)
    fac_ms                                   0x20000016   Data           2  delay.o(.data)
    .data                                    0x20000018   Section        8  usart.o(.data)
    .data                                    0x20000020   Section       48  motor.o(.data)
    .data                                    0x20000050   Section        8  rudder.o(.data)
    .data                                    0x20000058   Section        8  infrared.o(.data)
    .data                                    0x20000060   Section       17  main.o(.data)
    .data                                    0x20000074   Section       92  os_core.o(.data)
    .data                                    0x200000d0   Section        6  os_cpu_c.o(.data)
    OSTmrCtr                                 0x200000d4   Data           2  os_cpu_c.o(.data)
    .bss                                     0x200000d8   Section       30  usart.o(.bss)
    .bss                                     0x200000f8   Section     6656  main.o(.bss)
    .bss                                     0x20001af8   Section     3904  os_core.o(.bss)
    .bss                                     0x20002a38   Section       96  libspace.o(.bss)
    HEAP                                     0x20002a98   Section      512  startup_stm32f10x_md.o(HEAP)
    Heap_Mem                                 0x20002a98   Data         512  startup_stm32f10x_md.o(HEAP)
    STACK                                    0x20002c98   Section     1024  startup_stm32f10x_md.o(STACK)
    Stack_Mem                                0x20002c98   Data        1024  startup_stm32f10x_md.o(STACK)
    __initial_sp                             0x20003098   Data           0  startup_stm32f10x_md.o(STACK)

    Global Symbols

    Symbol Name                              Value     Ov Type        Size  Object(Section)

    BuildAttributes$$THM_ISAv4$P$D$K$B$S$PE$A:L22UL41UL21$X:L11$S22US41US21$IEEE1$IW$USESV6$~STKCKD$USESV7$~SHL$OSPACE$ROPI$EBA8$UX$STANDARDLIB$REQ8$PRES8$EABIv2 0x00000000   Number         0  anon$$obj.o ABSOLUTE
    __ARM_use_no_argv                        0x00000000   Number         0  main.o ABSOLUTE
    __ARM_exceptions_init                     - Undefined Weak Reference
    __alloca_initialize                       - Undefined Weak Reference
    __arm_preinit_                            - Undefined Weak Reference
    __cpp_initialize__aeabi_                  - Undefined Weak Reference
    __cxa_finalize                            - Undefined Weak Reference
    __rt_locale                               - Undefined Weak Reference
    __sigvec_lookup                           - Undefined Weak Reference
    _atexit_init                              - Undefined Weak Reference
    _call_atexit_fns                          - Undefined Weak Reference
    _clock_init                               - Undefined Weak Reference
    _fp_trap_init                             - Undefined Weak Reference
    _fp_trap_shutdown                         - Undefined Weak Reference
    _get_lc_collate                           - Undefined Weak Reference
    _get_lc_ctype                             - Undefined Weak Reference
    _get_lc_monetary                          - Undefined Weak Reference
    _get_lc_numeric                           - Undefined Weak Reference
    _get_lc_time                              - Undefined Weak Reference
    _getenv_init                              - Undefined Weak Reference
    _handle_redirection                       - Undefined Weak Reference
    _init_alloc                               - Undefined Weak Reference
    _init_user_alloc                          - Undefined Weak Reference
    _initio                                   - Undefined Weak Reference
    _rand_init                                - Undefined Weak Reference
    _signal_finish                            - Undefined Weak Reference
    _signal_init                              - Undefined Weak Reference
    _terminate_alloc                          - Undefined Weak Reference
    _terminate_user_alloc                     - Undefined Weak Reference
    _terminateio                              - Undefined Weak Reference
    __Vectors_Size                           0x000000ec   Number         0  startup_stm32f10x_md.o ABSOLUTE
    __Vectors                                0x08000000   Data           4  startup_stm32f10x_md.o(RESET)
    __Vectors_End                            0x080000ec   Data           0  startup_stm32f10x_md.o(RESET)
    __main                                   0x080000ed   Thumb Code     8  __main.o(!!!main)
    __scatterload                            0x080000f5   Thumb Code     0  __scatter.o(!!!scatter)
    __scatterload_rt2                        0x080000f5   Thumb Code    44  __scatter.o(!!!scatter)
    __scatterload_rt2_thumb_only             0x080000f5   Thumb Code     0  __scatter.o(!!!scatter)
    __scatterload_null                       0x08000103   Thumb Code     0  __scatter.o(!!!scatter)
    __scatterload_copy                       0x08000129   Thumb Code    26  __scatter_copy.o(!!handler_copy)
    __scatterload_zeroinit                   0x08000145   Thumb Code    28  __scatter_zi.o(!!handler_zi)
    __rt_lib_init                            0x08000161   Thumb Code     0  libinit.o(.ARM.Collect$$libinit$$00000000)
    __rt_lib_init_alloca_1                   0x08000163   Thumb Code     0  libinit2.o(.ARM.Collect$$libinit$$0000002E)
    __rt_lib_init_argv_1                     0x08000163   Thumb Code     0  libinit2.o(.ARM.Collect$$libinit$$0000002C)
    __rt_lib_init_atexit_1                   0x08000163   Thumb Code     0  libinit2.o(.ARM.Collect$$libinit$$0000001B)
    __rt_lib_init_clock_1                    0x08000163   Thumb Code     0  libinit2.o(.ARM.Collect$$libinit$$00000021)
    __rt_lib_init_cpp_1                      0x08000163   Thumb Code     0  libinit2.o(.ARM.Collect$$libinit$$00000032)
    __rt_lib_init_exceptions_1               0x08000163   Thumb Code     0  libinit2.o(.ARM.Collect$$libinit$$00000030)
    __rt_lib_init_fp_1                       0x08000163   Thumb Code     0  libinit2.o(.ARM.Collect$$libinit$$00000002)
    __rt_lib_init_fp_trap_1                  0x08000163   Thumb Code     0  libinit2.o(.ARM.Collect$$libinit$$0000001F)
    __rt_lib_init_getenv_1                   0x08000163   Thumb Code     0  libinit2.o(.ARM.Collect$$libinit$$00000023)
    __rt_lib_init_heap_1                     0x08000163   Thumb Code     0  libinit2.o(.ARM.Collect$$libinit$$0000000A)
    __rt_lib_init_lc_collate_1               0x08000163   Thumb Code     0  libinit2.o(.ARM.Collect$$libinit$$00000011)
    __rt_lib_init_lc_ctype_1                 0x08000163   Thumb Code     0  libinit2.o(.ARM.Collect$$libinit$$00000013)
    __rt_lib_init_lc_monetary_1              0x08000163   Thumb Code     0  libinit2.o(.ARM.Collect$$libinit$$00000015)
    __rt_lib_init_lc_numeric_1               0x08000163   Thumb Code     0  libinit2.o(.ARM.Collect$$libinit$$00000017)
    __rt_lib_init_lc_time_1                  0x08000163   Thumb Code     0  libinit2.o(.ARM.Collect$$libinit$$00000019)
    __rt_lib_init_preinit_1                  0x08000163   Thumb Code     0  libinit2.o(.ARM.Collect$$libinit$$00000004)
    __rt_lib_init_rand_1                     0x08000163   Thumb Code     0  libinit2.o(.ARM.Collect$$libinit$$0000000E)
    __rt_lib_init_return                     0x08000163   Thumb Code     0  libinit2.o(.ARM.Collect$$libinit$$00000033)
    __rt_lib_init_signal_1                   0x08000163   Thumb Code     0  libinit2.o(.ARM.Collect$$libinit$$0000001D)
    __rt_lib_init_stdio_1                    0x08000163   Thumb Code     0  libinit2.o(.ARM.Collect$$libinit$$00000025)
    __rt_lib_init_user_alloc_1               0x08000163   Thumb Code     0  libinit2.o(.ARM.Collect$$libinit$$0000000C)
    __rt_lib_shutdown                        0x08000165   Thumb Code     0  libshutdown.o(.ARM.Collect$$libshutdown$$00000000)
    __rt_lib_shutdown_cpp_1                  0x08000167   Thumb Code     0  libshutdown2.o(.ARM.Collect$$libshutdown$$00000002)
    __rt_lib_shutdown_fp_trap_1              0x08000167   Thumb Code     0  libshutdown2.o(.ARM.Collect$$libshutdown$$00000007)
    __rt_lib_shutdown_heap_1                 0x08000167   Thumb Code     0  libshutdown2.o(.ARM.Collect$$libshutdown$$0000000F)
    __rt_lib_shutdown_return                 0x08000167   Thumb Code     0  libshutdown2.o(.ARM.Collect$$libshutdown$$00000010)
    __rt_lib_shutdown_signal_1               0x08000167   Thumb Code     0  libshutdown2.o(.ARM.Collect$$libshutdown$$0000000A)
    __rt_lib_shutdown_stdio_1                0x08000167   Thumb Code     0  libshutdown2.o(.ARM.Collect$$libshutdown$$00000004)
    __rt_lib_shutdown_user_alloc_1           0x08000167   Thumb Code     0  libshutdown2.o(.ARM.Collect$$libshutdown$$0000000C)
    __rt_entry                               0x08000169   Thumb Code     0  __rtentry.o(.ARM.Collect$$rtentry$$00000000)
    __rt_entry_presh_1                       0x08000169   Thumb Code     0  __rtentry2.o(.ARM.Collect$$rtentry$$00000002)
    __rt_entry_sh                            0x08000169   Thumb Code     0  __rtentry4.o(.ARM.Collect$$rtentry$$00000004)
    __rt_entry_li                            0x0800016f   Thumb Code     0  __rtentry2.o(.ARM.Collect$$rtentry$$0000000A)
    __rt_entry_postsh_1                      0x0800016f   Thumb Code     0  __rtentry2.o(.ARM.Collect$$rtentry$$00000009)
    __rt_entry_main                          0x08000173   Thumb Code     0  __rtentry2.o(.ARM.Collect$$rtentry$$0000000D)
    __rt_entry_postli_1                      0x08000173   Thumb Code     0  __rtentry2.o(.ARM.Collect$$rtentry$$0000000C)
    __rt_exit                                0x0800017b   Thumb Code     0  rtexit.o(.ARM.Collect$$rtexit$$00000000)
    __rt_exit_ls                             0x0800017d   Thumb Code     0  rtexit2.o(.ARM.Collect$$rtexit$$00000003)
    __rt_exit_prels_1                        0x0800017d   Thumb Code     0  rtexit2.o(.ARM.Collect$$rtexit$$00000002)
    __rt_exit_exit                           0x08000181   Thumb Code     0  rtexit2.o(.ARM.Collect$$rtexit$$00000004)
    Reset_Handler                            0x08000189   Thumb Code     8  startup_stm32f10x_md.o(.text)
    ADC1_2_IRQHandler                        0x080001a3   Thumb Code     0  startup_stm32f10x_md.o(.text)
    CAN1_RX1_IRQHandler                      0x080001a3   Thumb Code     0  startup_stm32f10x_md.o(.text)
    CAN1_SCE_IRQHandler                      0x080001a3   Thumb Code     0  startup_stm32f10x_md.o(.text)
    DMA1_Channel1_IRQHandler                 0x080001a3   Thumb Code     0  startup_stm32f10x_md.o(.text)
    DMA1_Channel2_IRQHandler                 0x080001a3   Thumb Code     0  startup_stm32f10x_md.o(.text)
    DMA1_Channel3_IRQHandler                 0x080001a3   Thumb Code     0  startup_stm32f10x_md.o(.text)
    DMA1_Channel4_IRQHandler                 0x080001a3   Thumb Code     0  startup_stm32f10x_md.o(.text)
    DMA1_Channel5_IRQHandler                 0x080001a3   Thumb Code     0  startup_stm32f10x_md.o(.text)
    DMA1_Channel6_IRQHandler                 0x080001a3   Thumb Code     0  startup_stm32f10x_md.o(.text)
    DMA1_Channel7_IRQHandler                 0x080001a3   Thumb Code     0  startup_stm32f10x_md.o(.text)
    EXTI0_IRQHandler                         0x080001a3   Thumb Code     0  startup_stm32f10x_md.o(.text)
    EXTI1_IRQHandler                         0x080001a3   Thumb Code     0  startup_stm32f10x_md.o(.text)
    EXTI2_IRQHandler                         0x080001a3   Thumb Code     0  startup_stm32f10x_md.o(.text)
    EXTI3_IRQHandler                         0x080001a3   Thumb Code     0  startup_stm32f10x_md.o(.text)
    EXTI4_IRQHandler                         0x080001a3   Thumb Code     0  startup_stm32f10x_md.o(.text)
    FLASH_IRQHandler                         0x080001a3   Thumb Code     0  startup_stm32f10x_md.o(.text)
    I2C1_ER_IRQHandler                       0x080001a3   Thumb Code     0  startup_stm32f10x_md.o(.text)
    I2C1_EV_IRQHandler                       0x080001a3   Thumb Code     0  startup_stm32f10x_md.o(.text)
    I2C2_ER_IRQHandler                       0x080001a3   Thumb Code     0  startup_stm32f10x_md.o(.text)
    I2C2_EV_IRQHandler                       0x080001a3   Thumb Code     0  startup_stm32f10x_md.o(.text)
    PVD_IRQHandler                           0x080001a3   Thumb Code     0  startup_stm32f10x_md.o(.text)
    RCC_IRQHandler                           0x080001a3   Thumb Code     0  startup_stm32f10x_md.o(.text)
    RTCAlarm_IRQHandler                      0x080001a3   Thumb Code     0  startup_stm32f10x_md.o(.text)
    RTC_IRQHandler                           0x080001a3   Thumb Code     0  startup_stm32f10x_md.o(.text)
    SPI1_IRQHandler                          0x080001a3   Thumb Code     0  startup_stm32f10x_md.o(.text)
    SPI2_IRQHandler                          0x080001a3   Thumb Code     0  startup_stm32f10x_md.o(.text)
    TAMPER_IRQHandler                        0x080001a3   Thumb Code     0  startup_stm32f10x_md.o(.text)
    TIM1_BRK_IRQHandler                      0x080001a3   Thumb Code     0  startup_stm32f10x_md.o(.text)
    TIM1_CC_IRQHandler                       0x080001a3   Thumb Code     0  startup_stm32f10x_md.o(.text)
    TIM1_TRG_COM_IRQHandler                  0x080001a3   Thumb Code     0  startup_stm32f10x_md.o(.text)
    TIM1_UP_IRQHandler                       0x080001a3   Thumb Code     0  startup_stm32f10x_md.o(.text)
    TIM2_IRQHandler                          0x080001a3   Thumb Code     0  startup_stm32f10x_md.o(.text)
    TIM3_IRQHandler                          0x080001a3   Thumb Code     0  startup_stm32f10x_md.o(.text)
    TIM4_IRQHandler                          0x080001a3   Thumb Code     0  startup_stm32f10x_md.o(.text)
    USART2_IRQHandler                        0x080001a3   Thumb Code     0  startup_stm32f10x_md.o(.text)
    USART3_IRQHandler                        0x080001a3   Thumb Code     0  startup_stm32f10x_md.o(.text)
    USBWakeUp_IRQHandler                     0x080001a3   Thumb Code     0  startup_stm32f10x_md.o(.text)
    USB_HP_CAN1_TX_IRQHandler                0x080001a3   Thumb Code     0  startup_stm32f10x_md.o(.text)
    USB_LP_CAN1_RX0_IRQHandler               0x080001a3   Thumb Code     0  startup_stm32f10x_md.o(.text)
    WWDG_IRQHandler                          0x080001a3   Thumb Code     0  startup_stm32f10x_md.o(.text)
    __user_initial_stackheap                 0x080001a5   Thumb Code     0  startup_stm32f10x_md.o(.text)
    OS_CPU_SR_Save                           0x080001c9   Thumb Code     0  os_cpu_a.o(.text)
    OS_CPU_SR_Restore                        0x080001d1   Thumb Code     0  os_cpu_a.o(.text)
    OSStartHighRdy                           0x080001d7   Thumb Code     0  os_cpu_a.o(.text)
    OSCtxSw                                  0x080001f9   Thumb Code     0  os_cpu_a.o(.text)
    OSIntCtxSw                               0x08000207   Thumb Code     0  os_cpu_a.o(.text)
    PendSV_Handler                           0x08000217   Thumb Code     0  os_cpu_a.o(.text)
    __use_two_region_memory                  0x0800027d   Thumb Code     2  heapauxi.o(.text)
    __rt_heap_escrow$2region                 0x0800027f   Thumb Code     2  heapauxi.o(.text)
    __rt_heap_expand$2region                 0x08000281   Thumb Code     2  heapauxi.o(.text)
    __user_setup_stackheap                   0x08000283   Thumb Code    74  sys_stackheap_outer.o(.text)
    exit                                     0x080002cd   Thumb Code    18  exit.o(.text)
    __user_libspace                          0x080002e1   Thumb Code     8  libspace.o(.text)
    __user_perproc_libspace                  0x080002e1   Thumb Code     0  libspace.o(.text)
    __user_perthread_libspace                0x080002e1   Thumb Code     0  libspace.o(.text)
    _sys_exit                                0x080002e9   Thumb Code     8  sys_exit.o(.text)
    __I$use$semihosting                      0x080002f5   Thumb Code     0  use_no_semi.o(.text)
    __use_no_semihosting_swi                 0x080002f5   Thumb Code     2  use_no_semi.o(.text)
    BusFault_Handler                         0x080002f7   Thumb Code     4  stm32f10x_it.o(i.BusFault_Handler)
    __semihosting_library_function           0x080002f7   Thumb Code     0  indicate_semi.o(.text)
    DG_task                                  0x080002fd   Thumb Code   136  main.o(i.DG_task)
    DebugMon_Handler                         0x080003a5   Thumb Code     2  stm32f10x_it.o(i.DebugMon_Handler)
    EXTI15_10_IRQHandler                     0x080003a9   Thumb Code   176  stm32f10x_it.o(i.EXTI15_10_IRQHandler)
    EXTI9_5_IRQHandler                       0x08000465   Thumb Code   136  stm32f10x_it.o(i.EXTI9_5_IRQHandler)
    EXTI_ClearITPendingBit                   0x080004f9   Thumb Code     6  stm32f10x_exti.o(i.EXTI_ClearITPendingBit)
    EXTI_Init                                0x08000505   Thumb Code   142  stm32f10x_exti.o(i.EXTI_Init)
    GPIO_EXTILineConfig                      0x08000599   Thumb Code    60  stm32f10x_gpio.o(i.GPIO_EXTILineConfig)
    GPIO_Init                                0x080005d9   Thumb Code   278  stm32f10x_gpio.o(i.GPIO_Init)
    GPIO_PinRemapConfig                      0x080006f1   Thumb Code   138  stm32f10x_gpio.o(i.GPIO_PinRemapConfig)
    GPIO_ReadInputDataBit                    0x08000781   Thumb Code    18  stm32f10x_gpio.o(i.GPIO_ReadInputDataBit)
    GPIO_ResetBits                           0x08000793   Thumb Code     4  stm32f10x_gpio.o(i.GPIO_ResetBits)
    GPIO_SetBits                             0x08000797   Thumb Code     4  stm32f10x_gpio.o(i.GPIO_SetBits)
    HardFault_Handler                        0x0800079b   Thumb Code     4  stm32f10x_it.o(i.HardFault_Handler)
    LED1_task                                0x080007a1   Thumb Code    80  main.o(i.LED1_task)
    MemManage_Handler                        0x080007fd   Thumb Code     4  stm32f10x_it.o(i.MemManage_Handler)
    NMI_Handler                              0x08000801   Thumb Code     2  stm32f10x_it.o(i.NMI_Handler)
    NVIC_Init                                0x08000805   Thumb Code   100  misc.o(i.NVIC_Init)
    NVIC_PriorityGroupConfig                 0x08000875   Thumb Code    10  misc.o(i.NVIC_PriorityGroupConfig)
    OSInit                                   0x08000889   Thumb Code    48  os_core.o(i.OSInit)
    OSInitHookBegin                          0x080008b9   Thumb Code     8  os_cpu_c.o(i.OSInitHookBegin)
    OSInitHookEnd                            0x080008c5   Thumb Code     2  os_cpu_c.o(i.OSInitHookEnd)
    OSIntEnter                               0x080008c9   Thumb Code    28  os_core.o(i.OSIntEnter)
    OSIntExit                                0x080008ed   Thumb Code   112  os_core.o(i.OSIntExit)
    OSMutexCreate                            0x0800097d   Thumb Code   134  os_mutex.o(i.OSMutexCreate)
    OSMutexPend                              0x08000a11   Thumb Code   542  os_mutex.o(i.OSMutexPend)
    OSMutexPost                              0x08000c49   Thumb Code   186  os_mutex.o(i.OSMutexPost)
    OSSchedLock                              0x08000d95   Thumb Code    50  os_core.o(i.OSSchedLock)
    OSSchedUnlock                            0x08000dd5   Thumb Code    82  os_core.o(i.OSSchedUnlock)
    OSSemCreate                              0x08000e35   Thumb Code    68  os_sem.o(i.OSSemCreate)
    OSSemPend                                0x08000e81   Thumb Code   222  os_sem.o(i.OSSemPend)
    OSSemPost                                0x08000f6d   Thumb Code    88  os_sem.o(i.OSSemPost)
    OSStart                                  0x08000fc5   Thumb Code    48  os_core.o(i.OSStart)
    OSTCBInitHook                            0x0800100d   Thumb Code     2  os_cpu_c.o(i.OSTCBInitHook)
    OSTaskCreate                             0x08001011   Thumb Code   148  os_task.o(i.OSTaskCreate)
    OSTaskCreateExt                          0x080010b1   Thumb Code   170  os_task.o(i.OSTaskCreateExt)
    OSTaskCreateHook                         0x08001169   Thumb Code     2  os_cpu_c.o(i.OSTaskCreateHook)
    OSTaskIdleHook                           0x0800116b   Thumb Code     2  os_cpu_c.o(i.OSTaskIdleHook)
    OSTaskNameSet                            0x0800116d   Thumb Code    98  os_task.o(i.OSTaskNameSet)
    OSTaskStatHook                           0x080011dd   Thumb Code     2  os_cpu_c.o(i.OSTaskStatHook)
    OSTaskStkChk                             0x080011e1   Thumb Code   132  os_task.o(i.OSTaskStkChk)
    OSTaskStkInit                            0x0800126d   Thumb Code   154  os_cpu_c.o(i.OSTaskStkInit)
    OSTaskSuspend                            0x08001309   Thumb Code   152  os_task.o(i.OSTaskSuspend)
    OSTaskSwHook                             0x080013b1   Thumb Code     2  os_cpu_c.o(i.OSTaskSwHook)
    OSTimeDly                                0x080013b5   Thumb Code   100  os_time.o(i.OSTimeDly)
    OSTimeTick                               0x0800142d   Thumb Code   210  os_core.o(i.OSTimeTick)
    OSTimeTickHook                           0x08001519   Thumb Code    30  os_cpu_c.o(i.OSTimeTickHook)
    OSTmrCreate                              0x0800153d   Thumb Code    96  os_tmr.o(i.OSTmrCreate)
    OSTmrSignal                              0x080015a1   Thumb Code    16  os_tmr.o(i.OSTmrSignal)
    OSTmrStart                               0x080015b5   Thumb Code   128  os_tmr.o(i.OSTmrStart)
    OSTmrStop                                0x08001639   Thumb Code   180  os_tmr.o(i.OSTmrStop)
    OSTmr_Init                               0x08001731   Thumb Code   148  os_tmr.o(i.OSTmr_Init)
    OS_EventTaskRdy                          0x08001969   Thumb Code   114  os_core.o(i.OS_EventTaskRdy)
    OS_EventTaskRemove                       0x080019ed   Thumb Code    42  os_core.o(i.OS_EventTaskRemove)
    OS_EventTaskWait                         0x08001a19   Thumb Code   112  os_core.o(i.OS_EventTaskWait)
    OS_EventWaitListInit                     0x08001a95   Thumb Code    28  os_core.o(i.OS_EventWaitListInit)
    OS_FlagInit                              0x08001ab1   Thumb Code    74  os_flag.o(i.OS_FlagInit)
    OS_MemClr                                0x08001d15   Thumb Code    18  os_core.o(i.OS_MemClr)
    OS_QInit                                 0x08001d29   Thumb Code    72  os_q.o(i.OS_QInit)
    OS_Sched                                 0x08001d79   Thumb Code    88  os_core.o(i.OS_Sched)
    OS_TCBInit                               0x08001e19   Thumb Code   278  os_core.o(i.OS_TCBInit)
    OS_TaskIdle                              0x08001f4d   Thumb Code    34  os_core.o(i.OS_TaskIdle)
    OS_TaskStat                              0x08001f75   Thumb Code   116  os_core.o(i.OS_TaskStat)
    OS_TaskStatStkChk                        0x08001ffd   Thumb Code    54  os_core.o(i.OS_TaskStatStkChk)
    OS_TaskStkClr                            0x08002039   Thumb Code    26  os_task.o(i.OS_TaskStkClr)
    RCC_APB1PeriphClockCmd                   0x08002055   Thumb Code    26  stm32f10x_rcc.o(i.RCC_APB1PeriphClockCmd)
    RCC_APB2PeriphClockCmd                   0x08002075   Thumb Code    26  stm32f10x_rcc.o(i.RCC_APB2PeriphClockCmd)
    RCC_GetClocksFreq                        0x08002095   Thumb Code   192  stm32f10x_rcc.o(i.RCC_GetClocksFreq)
    SVC_Handler                              0x08002169   Thumb Code     2  stm32f10x_it.o(i.SVC_Handler)
    SysTick_Handler                          0x08002255   Thumb Code    16  delay.o(i.SysTick_Handler)
    SystemInit                               0x08002265   Thumb Code    78  system_stm32f10x.o(i.SystemInit)
    TIM_ARRPreloadConfig                     0x080022c5   Thumb Code    24  stm32f10x_tim.o(i.TIM_ARRPreloadConfig)
    TIM_Cmd                                  0x080022dd   Thumb Code    24  stm32f10x_tim.o(i.TIM_Cmd)
    TIM_OC1Init                              0x080022f5   Thumb Code   132  stm32f10x_tim.o(i.TIM_OC1Init)
    TIM_OC1PreloadConfig                     0x0800238d   Thumb Code    18  stm32f10x_tim.o(i.TIM_OC1PreloadConfig)
    TIM_OC2Init                              0x080023a1   Thumb Code   154  stm32f10x_tim.o(i.TIM_OC2Init)
    TIM_OC2PreloadConfig                     0x08002445   Thumb Code    26  stm32f10x_tim.o(i.TIM_OC2PreloadConfig)
    TIM_OC3Init                              0x08002461   Thumb Code   150  stm32f10x_tim.o(i.TIM_OC3Init)
    TIM_OC3PreloadConfig                     0x08002501   Thumb Code    18  stm32f10x_tim.o(i.TIM_OC3PreloadConfig)
    TIM_OC4Init                              0x08002515   Thumb Code   114  stm32f10x_tim.o(i.TIM_OC4Init)
    TIM_OC4PreloadConfig                     0x08002591   Thumb Code    26  stm32f10x_tim.o(i.TIM_OC4PreloadConfig)
    TIM_OCStructInit                         0x080025ab   Thumb Code    20  stm32f10x_tim.o(i.TIM_OCStructInit)
    TIM_TimeBaseInit                         0x080025c1   Thumb Code   122  stm32f10x_tim.o(i.TIM_TimeBaseInit)
    TIM_TimeBaseStructInit                   0x08002665   Thumb Code    18  stm32f10x_tim.o(i.TIM_TimeBaseStructInit)
    USART1_IRQHandler                        0x08002679   Thumb Code    88  stm32f10x_it.o(i.USART1_IRQHandler)
    USART_ClearFlag                          0x080026e1   Thumb Code    18  stm32f10x_usart.o(i.USART_ClearFlag)
    USART_Cmd                                0x080026f3   Thumb Code    24  stm32f10x_usart.o(i.USART_Cmd)
    USART_GetFlagStatus                      0x0800270b   Thumb Code    26  stm32f10x_usart.o(i.USART_GetFlagStatus)
    USART_GetITStatus                        0x08002725   Thumb Code    84  stm32f10x_usart.o(i.USART_GetITStatus)
    USART_ITConfig                           0x08002779   Thumb Code    74  stm32f10x_usart.o(i.USART_ITConfig)
    USART_Init                               0x080027c5   Thumb Code   210  stm32f10x_usart.o(i.USART_Init)
    USART_ReceiveData                        0x0800289d   Thumb Code    10  stm32f10x_usart.o(i.USART_ReceiveData)
    USART_SendData                           0x080028a7   Thumb Code     8  stm32f10x_usart.o(i.USART_SendData)
    UsageFault_Handler                       0x080028af   Thumb Code     4  stm32f10x_it.o(i.UsageFault_Handler)
    delay_init                               0x080028b5   Thumb Code    82  delay.o(i.delay_init)
    delay_ms                                 0x08002911   Thumb Code    62  delay.o(i.delay_ms)
    delay_us                                 0x08002959   Thumb Code    86  delay.o(i.delay_us)
    infrared_init                            0x08002ac1   Thumb Code    20  infrared.o(i.infrared_init)
    main                                     0x08002ad5   Thumb Code    56  main.o(i.main)
    motor_config                             0x08002b15   Thumb Code    16  motor.o(i.motor_config)
    motor_direction                          0x08002b25   Thumb Code   108  motor.o(i.motor_direction)
    motor_gpio_change                        0x08002bb1   Thumb Code   204  motor.o(i.motor_gpio_change)
    motor_gpio_config                        0x08002ca1   Thumb Code   100  motor.o(i.motor_gpio_config)
    motor_pwm                                0x08002d11   Thumb Code    64  motor.o(i.motor_pwm)
    motor_rcc_config                         0x08002d61   Thumb Code    44  motor.o(i.motor_rcc_config)
    motor_tim_change                         0x08002d8d   Thumb Code    34  motor.o(i.motor_tim_change)
    motor_tim_config                         0x08002dc9   Thumb Code   212  motor.o(i.motor_tim_config)
    rudder_change                            0x08002f21   Thumb Code    42  rudder.o(i.rudder_change)
    rudder_init                              0x08002f55   Thumb Code    38  rudder.o(i.rudder_init)
    start_task                               0x08002f81   Thumb Code    88  main.o(i.start_task)
    tmr1_callback                            0x08002ffd   Thumb Code    34  main.o(i.tmr1_callback)
    usart1_task                              0x08003031   Thumb Code   620  main.o(i.usart1_task)
    usart_init                               0x080032cd   Thumb Code    52  usart.o(i.usart_init)
    usart_send_byte                          0x08003309   Thumb Code    28  usart.o(i.usart_send_byte)
    OSUnMapTbl                               0x08003338   Data         256  os_core.o(.constdata)
    Region$$Table$$Base                      0x08003438   Number         0  anon$$obj.o(Region$$Table)
    Region$$Table$$Limit                     0x08003458   Number         0  anon$$obj.o(Region$$Table)
    isNew                                    0x20000018   Data           4  usart.o(.data)
    usart1Index                              0x2000001c   Data           4  usart.o(.data)
    before_0                                 0x20000020   Data           4  motor.o(.data)
    before_1                                 0x20000024   Data           4  motor.o(.data)
    before_2                                 0x20000028   Data           4  motor.o(.data)
    before_3                                 0x2000002c   Data           4  motor.o(.data)
    after_0                                  0x20000030   Data           4  motor.o(.data)
    after_1                                  0x20000034   Data           4  motor.o(.data)
    after_2                                  0x20000038   Data           4  motor.o(.data)
    after_3                                  0x2000003c   Data           4  motor.o(.data)
    before_pwmA                              0x20000040   Data           4  motor.o(.data)
    before_pwmB                              0x20000044   Data           4  motor.o(.data)
    after_pwmA                               0x20000048   Data           4  motor.o(.data)
    after_pwmB                               0x2000004c   Data           4  motor.o(.data)
    DG_n                                     0x20000050   Data           4  rudder.o(.data)
    DG_check                                 0x20000054   Data           4  rudder.o(.data)
    infrared_num                             0x20000058   Data           4  infrared.o(.data)
    infrared_stop                            0x2000005c   Data           4  infrared.o(.data)
    pmutex                                   0x20000060   Data           4  main.o(.data)
    pmutex_1                                 0x20000064   Data           4  main.o(.data)
    check                                    0x20000068   Data           4  main.o(.data)
    tmr1                                     0x2000006c   Data           4  main.o(.data)
    err                                      0x20000070   Data           1  main.o(.data)
    OSCtxSwCtr                               0x20000074   Data           4  os_core.o(.data)
    OSEventFreeList                          0x20000078   Data           4  os_core.o(.data)
    OSFlagFreeList                           0x2000007c   Data           4  os_core.o(.data)
    OSCPUUsage                               0x20000080   Data           1  os_core.o(.data)
    OSIdleCtrMax                             0x20000084   Data           4  os_core.o(.data)
    OSIdleCtrRun                             0x20000088   Data           4  os_core.o(.data)
    OSStatRdy                                0x2000008c   Data           1  os_core.o(.data)
    OSIntNesting                             0x2000008d   Data           1  os_core.o(.data)
    OSLockNesting                            0x2000008e   Data           1  os_core.o(.data)
    OSPrioCur                                0x2000008f   Data           1  os_core.o(.data)
    OSPrioHighRdy                            0x20000090   Data           1  os_core.o(.data)
    OSRdyGrp                                 0x20000091   Data           1  os_core.o(.data)
    OSRdyTbl                                 0x20000092   Data           8  os_core.o(.data)
    OSRunning                                0x2000009a   Data           1  os_core.o(.data)
    OSTaskCtr                                0x2000009b   Data           1  os_core.o(.data)
    OSIdleCtr                                0x2000009c   Data           4  os_core.o(.data)
    OSTCBCur                                 0x200000a0   Data           4  os_core.o(.data)
    OSTCBFreeList                            0x200000a4   Data           4  os_core.o(.data)
    OSTCBHighRdy                             0x200000a8   Data           4  os_core.o(.data)
    OSTCBList                                0x200000ac   Data           4  os_core.o(.data)
    OSTickStepState                          0x200000b0   Data           1  os_core.o(.data)
    OSQFreeList                              0x200000b4   Data           4  os_core.o(.data)
    OSTime                                   0x200000b8   Data           4  os_core.o(.data)
    OSTmrFree                                0x200000bc   Data           2  os_core.o(.data)
    OSTmrUsed                                0x200000be   Data           2  os_core.o(.data)
    OSTmrTime                                0x200000c0   Data           4  os_core.o(.data)
    OSTmrSem                                 0x200000c4   Data           4  os_core.o(.data)
    OSTmrSemSignal                           0x200000c8   Data           4  os_core.o(.data)
    OSTmrFreeList                            0x200000cc   Data           4  os_core.o(.data)
    OSInterrputSum                           0x200000d0   Data           4  os_cpu_c.o(.data)
    usart1Buf                                0x200000d8   Data          30  usart.o(.bss)
    START_TASK_STK                           0x200000f8   Data         256  main.o(.bss)
    DG_TASK_STK                              0x200001f8   Data        2048  main.o(.bss)
    LED1_TASK_STK                            0x200009f8   Data         256  main.o(.bss)
    USART1_TASK_STK                          0x20000af8   Data        4096  main.o(.bss)
    OSEventTbl                               0x20001af8   Data         200  os_core.o(.bss)
    OSFlagTbl                                0x20001bc0   Data          80  os_core.o(.bss)
    OSTaskStatStk                            0x20001c10   Data         512  os_core.o(.bss)
    OSTaskIdleStk                            0x20001e10   Data         512  os_core.o(.bss)
    OSTCBPrioTbl                             0x20002010   Data         256  os_core.o(.bss)
    OSTCBTbl                                 0x20002110   Data        1008  os_core.o(.bss)
    OSQTbl                                   0x20002500   Data         120  os_core.o(.bss)
    OSTmrTbl                                 0x20002578   Data         640  os_core.o(.bss)
    OSTmrTaskStk                             0x200027f8   Data         512  os_core.o(.bss)
    OSTmrWheelTbl                            0x200029f8   Data          64  os_core.o(.bss)
    __libspace_start                         0x20002a38   Data          96  libspace.o(.bss)
    __temporary_stack_top$libspace           0x20002a98   Data           0  libspace.o(.bss)



==============================================================================

Memory Map of the image

  Image Entry point : 0x080000ed

  Load Region LR_IROM1 (Base: 0x08000000, Size: 0x00003530, Max: 0x00010000, ABSOLUTE)

    Execution Region ER_IROM1 (Exec base: 0x08000000, Load base: 0x08000000, Size: 0x00003458, Max: 0x00010000, ABSOLUTE)

    Exec Addr    Load Addr    Size         Type   Attr      Idx    E Section Name        Object

    0x08000000   0x08000000   0x000000ec   Data   RO           19    RESET               startup_stm32f10x_md.o
    0x080000ec   0x080000ec   0x00000008   Code   RO         2520  * !!!main             c_w.l(__main.o)
    0x080000f4   0x080000f4   0x00000034   Code   RO         2677    !!!scatter          c_w.l(__scatter.o)
    0x08000128   0x08000128   0x0000001a   Code   RO         2679    !!handler_copy      c_w.l(__scatter_copy.o)
    0x08000142   0x08000142   0x00000002   PAD
    0x08000144   0x08000144   0x0000001c   Code   RO         2681    !!handler_zi        c_w.l(__scatter_zi.o)
    0x08000160   0x08000160   0x00000002   Code   RO         2547    .ARM.Collect$$libinit$$00000000  c_w.l(libinit.o)
    0x08000162   0x08000162   0x00000000   Code   RO         2554    .ARM.Collect$$libinit$$00000002  c_w.l(libinit2.o)
    0x08000162   0x08000162   0x00000000   Code   RO         2556    .ARM.Collect$$libinit$$00000004  c_w.l(libinit2.o)
    0x08000162   0x08000162   0x00000000   Code   RO         2559    .ARM.Collect$$libinit$$0000000A  c_w.l(libinit2.o)
    0x08000162   0x08000162   0x00000000   Code   RO         2561    .ARM.Collect$$libinit$$0000000C  c_w.l(libinit2.o)
    0x08000162   0x08000162   0x00000000   Code   RO         2563    .ARM.Collect$$libinit$$0000000E  c_w.l(libinit2.o)
    0x08000162   0x08000162   0x00000000   Code   RO         2566    .ARM.Collect$$libinit$$00000011  c_w.l(libinit2.o)
    0x08000162   0x08000162   0x00000000   Code   RO         2568    .ARM.Collect$$libinit$$00000013  c_w.l(libinit2.o)
    0x08000162   0x08000162   0x00000000   Code   RO         2570    .ARM.Collect$$libinit$$00000015  c_w.l(libinit2.o)
    0x08000162   0x08000162   0x00000000   Code   RO         2572    .ARM.Collect$$libinit$$00000017  c_w.l(libinit2.o)
    0x08000162   0x08000162   0x00000000   Code   RO         2574    .ARM.Collect$$libinit$$00000019  c_w.l(libinit2.o)
    0x08000162   0x08000162   0x00000000   Code   RO         2576    .ARM.Collect$$libinit$$0000001B  c_w.l(libinit2.o)
    0x08000162   0x08000162   0x00000000   Code   RO         2578    .ARM.Collect$$libinit$$0000001D  c_w.l(libinit2.o)
    0x08000162   0x08000162   0x00000000   Code   RO         2580    .ARM.Collect$$libinit$$0000001F  c_w.l(libinit2.o)
    0x08000162   0x08000162   0x00000000   Code   RO         2582    .ARM.Collect$$libinit$$00000021  c_w.l(libinit2.o)
    0x08000162   0x08000162   0x00000000   Code   RO         2584    .ARM.Collect$$libinit$$00000023  c_w.l(libinit2.o)
    0x08000162   0x08000162   0x00000000   Code   RO         2586    .ARM.Collect$$libinit$$00000025  c_w.l(libinit2.o)
    0x08000162   0x08000162   0x00000000   Code   RO         2590    .ARM.Collect$$libinit$$0000002C  c_w.l(libinit2.o)
    0x08000162   0x08000162   0x00000000   Code   RO         2592    .ARM.Collect$$libinit$$0000002E  c_w.l(libinit2.o)
    0x08000162   0x08000162   0x00000000   Code   RO         2594    .ARM.Collect$$libinit$$00000030  c_w.l(libinit2.o)
    0x08000162   0x08000162   0x00000000   Code   RO         2596    .ARM.Collect$$libinit$$00000032  c_w.l(libinit2.o)
    0x08000162   0x08000162   0x00000002   Code   RO         2597    .ARM.Collect$$libinit$$00000033  c_w.l(libinit2.o)
    0x08000164   0x08000164   0x00000002   Code   RO         2617    .ARM.Collect$$libshutdown$$00000000  c_w.l(libshutdown.o)
    0x08000166   0x08000166   0x00000000   Code   RO         2630    .ARM.Collect$$libshutdown$$00000002  c_w.l(libshutdown2.o)
    0x08000166   0x08000166   0x00000000   Code   RO         2632    .ARM.Collect$$libshutdown$$00000004  c_w.l(libshutdown2.o)
    0x08000166   0x08000166   0x00000000   Code   RO         2635    .ARM.Collect$$libshutdown$$00000007  c_w.l(libshutdown2.o)
    0x08000166   0x08000166   0x00000000   Code   RO         2638    .ARM.Collect$$libshutdown$$0000000A  c_w.l(libshutdown2.o)
    0x08000166   0x08000166   0x00000000   Code   RO         2640    .ARM.Collect$$libshutdown$$0000000C  c_w.l(libshutdown2.o)
    0x08000166   0x08000166   0x00000000   Code   RO         2643    .ARM.Collect$$libshutdown$$0000000F  c_w.l(libshutdown2.o)
    0x08000166   0x08000166   0x00000002   Code   RO         2644    .ARM.Collect$$libshutdown$$00000010  c_w.l(libshutdown2.o)
    0x08000168   0x08000168   0x00000000   Code   RO         2522    .ARM.Collect$$rtentry$$00000000  c_w.l(__rtentry.o)
    0x08000168   0x08000168   0x00000000   Code   RO         2524    .ARM.Collect$$rtentry$$00000002  c_w.l(__rtentry2.o)
    0x08000168   0x08000168   0x00000006   Code   RO         2536    .ARM.Collect$$rtentry$$00000004  c_w.l(__rtentry4.o)
    0x0800016e   0x0800016e   0x00000000   Code   RO         2526    .ARM.Collect$$rtentry$$00000009  c_w.l(__rtentry2.o)
    0x0800016e   0x0800016e   0x00000004   Code   RO         2527    .ARM.Collect$$rtentry$$0000000A  c_w.l(__rtentry2.o)
    0x08000172   0x08000172   0x00000000   Code   RO         2529    .ARM.Collect$$rtentry$$0000000C  c_w.l(__rtentry2.o)
    0x08000172   0x08000172   0x00000008   Code   RO         2530    .ARM.Collect$$rtentry$$0000000D  c_w.l(__rtentry2.o)
    0x0800017a   0x0800017a   0x00000002   Code   RO         2551    .ARM.Collect$$rtexit$$00000000  c_w.l(rtexit.o)
    0x0800017c   0x0800017c   0x00000000   Code   RO         2599    .ARM.Collect$$rtexit$$00000002  c_w.l(rtexit2.o)
    0x0800017c   0x0800017c   0x00000004   Code   RO         2600    .ARM.Collect$$rtexit$$00000003  c_w.l(rtexit2.o)
    0x08000180   0x08000180   0x00000006   Code   RO         2601    .ARM.Collect$$rtexit$$00000004  c_w.l(rtexit2.o)
    0x08000186   0x08000186   0x00000002   PAD
    0x08000188   0x08000188   0x00000040   Code   RO           20    .text               startup_stm32f10x_md.o
    0x080001c8   0x080001c8   0x000000b4   Code   RO         2431    .text               os_cpu_a.o
    0x0800027c   0x0800027c   0x00000006   Code   RO         2518    .text               c_w.l(heapauxi.o)
    0x08000282   0x08000282   0x0000004a   Code   RO         2538    .text               c_w.l(sys_stackheap_outer.o)
    0x080002cc   0x080002cc   0x00000012   Code   RO         2540    .text               c_w.l(exit.o)
    0x080002de   0x080002de   0x00000002   PAD
    0x080002e0   0x080002e0   0x00000008   Code   RO         2548    .text               c_w.l(libspace.o)
    0x080002e8   0x080002e8   0x0000000c   Code   RO         2609    .text               c_w.l(sys_exit.o)
    0x080002f4   0x080002f4   0x00000002   Code   RO         2620    .text               c_w.l(use_no_semi.o)
    0x080002f6   0x080002f6   0x00000000   Code   RO         2622    .text               c_w.l(indicate_semi.o)
    0x080002f6   0x080002f6   0x00000004   Code   RO         1307    i.BusFault_Handler  stm32f10x_it.o
    0x080002fa   0x080002fa   0x00000002   PAD
    0x080002fc   0x080002fc   0x000000a8   Code   RO         1663    i.DG_task           main.o
    0x080003a4   0x080003a4   0x00000002   Code   RO         1308    i.DebugMon_Handler  stm32f10x_it.o
    0x080003a6   0x080003a6   0x00000002   PAD
    0x080003a8   0x080003a8   0x000000bc   Code   RO         1309    i.EXTI15_10_IRQHandler  stm32f10x_it.o
    0x08000464   0x08000464   0x00000094   Code   RO         1310    i.EXTI9_5_IRQHandler  stm32f10x_it.o
    0x080004f8   0x080004f8   0x0000000c   Code   RO         1186    i.EXTI_ClearITPendingBit  stm32f10x_exti.o
    0x08000504   0x08000504   0x00000094   Code   RO         1191    i.EXTI_Init         stm32f10x_exti.o
    0x08000598   0x08000598   0x00000040   Code   RO          146    i.GPIO_EXTILineConfig  stm32f10x_gpio.o
    0x080005d8   0x080005d8   0x00000116   Code   RO          149    i.GPIO_Init         stm32f10x_gpio.o
    0x080006ee   0x080006ee   0x00000002   PAD
    0x080006f0   0x080006f0   0x00000090   Code   RO          151    i.GPIO_PinRemapConfig  stm32f10x_gpio.o
    0x08000780   0x08000780   0x00000012   Code   RO          153    i.GPIO_ReadInputDataBit  stm32f10x_gpio.o
    0x08000792   0x08000792   0x00000004   Code   RO          156    i.GPIO_ResetBits    stm32f10x_gpio.o
    0x08000796   0x08000796   0x00000004   Code   RO          157    i.GPIO_SetBits      stm32f10x_gpio.o
    0x0800079a   0x0800079a   0x00000004   Code   RO         1311    i.HardFault_Handler  stm32f10x_it.o
    0x0800079e   0x0800079e   0x00000002   PAD
    0x080007a0   0x080007a0   0x0000005c   Code   RO         1664    i.LED1_task         main.o
    0x080007fc   0x080007fc   0x00000004   Code   RO         1312    i.MemManage_Handler  stm32f10x_it.o
    0x08000800   0x08000800   0x00000002   Code   RO         1313    i.NMI_Handler       stm32f10x_it.o
    0x08000802   0x08000802   0x00000002   PAD
    0x08000804   0x08000804   0x00000070   Code   RO           24    i.NVIC_Init         misc.o
    0x08000874   0x08000874   0x00000014   Code   RO           25    i.NVIC_PriorityGroupConfig  misc.o
    0x08000888   0x08000888   0x00000030   Code   RO         1713    i.OSInit            os_core.o
    0x080008b8   0x080008b8   0x0000000c   Code   RO         2434    i.OSInitHookBegin   os_cpu_c.o
    0x080008c4   0x080008c4   0x00000002   Code   RO         2435    i.OSInitHookEnd     os_cpu_c.o
    0x080008c6   0x080008c6   0x00000002   PAD
    0x080008c8   0x080008c8   0x00000024   Code   RO         1714    i.OSIntEnter        os_core.o
    0x080008ec   0x080008ec   0x00000090   Code   RO         1715    i.OSIntExit         os_core.o
    0x0800097c   0x0800097c   0x00000094   Code   RO         2037    i.OSMutexCreate     os_mutex.o
    0x08000a10   0x08000a10   0x00000238   Code   RO         2039    i.OSMutexPend       os_mutex.o
    0x08000c48   0x08000c48   0x000000c8   Code   RO         2040    i.OSMutexPost       os_mutex.o
    0x08000d10   0x08000d10   0x00000084   Code   RO         2042    i.OSMutex_RdyAtPrio  os_mutex.o
    0x08000d94   0x08000d94   0x00000040   Code   RO         1716    i.OSSchedLock       os_core.o
    0x08000dd4   0x08000dd4   0x00000060   Code   RO         1717    i.OSSchedUnlock     os_core.o
    0x08000e34   0x08000e34   0x0000004c   Code   RO         2156    i.OSSemCreate       os_sem.o
    0x08000e80   0x08000e80   0x000000ec   Code   RO         2158    i.OSSemPend         os_sem.o
    0x08000f6c   0x08000f6c   0x00000058   Code   RO         2160    i.OSSemPost         os_sem.o
    0x08000fc4   0x08000fc4   0x00000048   Code   RO         1718    i.OSStart           os_core.o
    0x0800100c   0x0800100c   0x00000002   Code   RO         2436    i.OSTCBInitHook     os_cpu_c.o
    0x0800100e   0x0800100e   0x00000002   PAD
    0x08001010   0x08001010   0x000000a0   Code   RO         2210    i.OSTaskCreate      os_task.o
    0x080010b0   0x080010b0   0x000000b8   Code   RO         2211    i.OSTaskCreateExt   os_task.o
    0x08001168   0x08001168   0x00000002   Code   RO         2437    i.OSTaskCreateHook  os_cpu_c.o
    0x0800116a   0x0800116a   0x00000002   Code   RO         2439    i.OSTaskIdleHook    os_cpu_c.o
    0x0800116c   0x0800116c   0x00000070   Code   RO         2215    i.OSTaskNameSet     os_task.o
    0x080011dc   0x080011dc   0x00000002   Code   RO         2441    i.OSTaskStatHook    os_cpu_c.o
    0x080011de   0x080011de   0x00000002   PAD
    0x080011e0   0x080011e0   0x0000008c   Code   RO         2220    i.OSTaskStkChk      os_task.o
    0x0800126c   0x0800126c   0x0000009a   Code   RO         2442    i.OSTaskStkInit     os_cpu_c.o
    0x08001306   0x08001306   0x00000002   PAD
    0x08001308   0x08001308   0x000000a8   Code   RO         2221    i.OSTaskSuspend     os_task.o
    0x080013b0   0x080013b0   0x00000002   Code   RO         2443    i.OSTaskSwHook      os_cpu_c.o
    0x080013b2   0x080013b2   0x00000002   PAD
    0x080013b4   0x080013b4   0x00000078   Code   RO         2305    i.OSTimeDly         os_time.o
    0x0800142c   0x0800142c   0x000000ec   Code   RO         1720    i.OSTimeTick        os_core.o
    0x08001518   0x08001518   0x00000024   Code   RO         2444    i.OSTimeTickHook    os_cpu_c.o
    0x0800153c   0x0800153c   0x00000064   Code   RO         2341    i.OSTmrCreate       os_tmr.o
    0x080015a0   0x080015a0   0x00000014   Code   RO         2345    i.OSTmrSignal       os_tmr.o
    0x080015b4   0x080015b4   0x00000084   Code   RO         2346    i.OSTmrStart        os_tmr.o
    0x08001638   0x08001638   0x000000b8   Code   RO         2348    i.OSTmrStop         os_tmr.o
    0x080016f0   0x080016f0   0x00000040   Code   RO         2349    i.OSTmr_Alloc       os_tmr.o
    0x08001730   0x08001730   0x000000b8   Code   RO         2351    i.OSTmr_Init        os_tmr.o
    0x080017e8   0x080017e8   0x00000050   Code   RO         2352    i.OSTmr_InitTask    os_tmr.o
    0x08001838   0x08001838   0x0000006c   Code   RO         2353    i.OSTmr_Link        os_tmr.o
    0x080018a4   0x080018a4   0x00000080   Code   RO         2354    i.OSTmr_Task        os_tmr.o
    0x08001924   0x08001924   0x00000044   Code   RO         2355    i.OSTmr_Unlink      os_tmr.o
    0x08001968   0x08001968   0x00000084   Code   RO         1723    i.OS_EventTaskRdy   os_core.o
    0x080019ec   0x080019ec   0x0000002a   Code   RO         1724    i.OS_EventTaskRemove  os_core.o
    0x08001a16   0x08001a16   0x00000002   PAD
    0x08001a18   0x08001a18   0x0000007c   Code   RO         1725    i.OS_EventTaskWait  os_core.o
    0x08001a94   0x08001a94   0x0000001c   Code   RO         1726    i.OS_EventWaitListInit  os_core.o
    0x08001ab0   0x08001ab0   0x00000058   Code   RO         1904    i.OS_FlagInit       os_flag.o
    0x08001b08   0x08001b08   0x00000054   Code   RO         1727    i.OS_InitEventList  os_core.o
    0x08001b5c   0x08001b5c   0x00000054   Code   RO         1728    i.OS_InitMisc       os_core.o
    0x08001bb0   0x08001bb0   0x00000044   Code   RO         1729    i.OS_InitRdyList    os_core.o
    0x08001bf4   0x08001bf4   0x00000080   Code   RO         1730    i.OS_InitTCBList    os_core.o
    0x08001c74   0x08001c74   0x00000050   Code   RO         1731    i.OS_InitTaskIdle   os_core.o
    0x08001cc4   0x08001cc4   0x00000050   Code   RO         1732    i.OS_InitTaskStat   os_core.o
    0x08001d14   0x08001d14   0x00000012   Code   RO         1733    i.OS_MemClr         os_core.o
    0x08001d26   0x08001d26   0x00000002   PAD
    0x08001d28   0x08001d28   0x00000050   Code   RO         2093    i.OS_QInit          os_q.o
    0x08001d78   0x08001d78   0x00000074   Code   RO         1735    i.OS_Sched          os_core.o
    0x08001dec   0x08001dec   0x0000002c   Code   RO         1736    i.OS_SchedNew       os_core.o
    0x08001e18   0x08001e18   0x00000134   Code   RO         1738    i.OS_TCBInit        os_core.o
    0x08001f4c   0x08001f4c   0x00000028   Code   RO         1739    i.OS_TaskIdle       os_core.o
    0x08001f74   0x08001f74   0x00000088   Code   RO         1740    i.OS_TaskStat       os_core.o
    0x08001ffc   0x08001ffc   0x0000003c   Code   RO         1741    i.OS_TaskStatStkChk  os_core.o
    0x08002038   0x08002038   0x0000001a   Code   RO         2223    i.OS_TaskStkClr     os_task.o
    0x08002052   0x08002052   0x00000002   PAD
    0x08002054   0x08002054   0x00000020   Code   RO          259    i.RCC_APB1PeriphClockCmd  stm32f10x_rcc.o
    0x08002074   0x08002074   0x00000020   Code   RO          261    i.RCC_APB2PeriphClockCmd  stm32f10x_rcc.o
    0x08002094   0x08002094   0x000000d4   Code   RO          269    i.RCC_GetClocksFreq  stm32f10x_rcc.o
    0x08002168   0x08002168   0x00000002   Code   RO         1314    i.SVC_Handler       stm32f10x_it.o
    0x0800216a   0x0800216a   0x00000008   Code   RO         1387    i.SetSysClock       system_stm32f10x.o
    0x08002172   0x08002172   0x00000002   PAD
    0x08002174   0x08002174   0x000000e0   Code   RO         1388    i.SetSysClockTo72   system_stm32f10x.o
    0x08002254   0x08002254   0x00000010   Code   RO         1239    i.SysTick_Handler   delay.o
    0x08002264   0x08002264   0x00000060   Code   RO         1390    i.SystemInit        system_stm32f10x.o
    0x080022c4   0x080022c4   0x00000018   Code   RO          461    i.TIM_ARRPreloadConfig  stm32f10x_tim.o
    0x080022dc   0x080022dc   0x00000018   Code   RO          473    i.TIM_Cmd           stm32f10x_tim.o
    0x080022f4   0x080022f4   0x00000098   Code   RO          502    i.TIM_OC1Init       stm32f10x_tim.o
    0x0800238c   0x0800238c   0x00000012   Code   RO          505    i.TIM_OC1PreloadConfig  stm32f10x_tim.o
    0x0800239e   0x0800239e   0x00000002   PAD
    0x080023a0   0x080023a0   0x000000a4   Code   RO          507    i.TIM_OC2Init       stm32f10x_tim.o
    0x08002444   0x08002444   0x0000001a   Code   RO          510    i.TIM_OC2PreloadConfig  stm32f10x_tim.o
    0x0800245e   0x0800245e   0x00000002   PAD
    0x08002460   0x08002460   0x000000a0   Code   RO          512    i.TIM_OC3Init       stm32f10x_tim.o
    0x08002500   0x08002500   0x00000012   Code   RO          515    i.TIM_OC3PreloadConfig  stm32f10x_tim.o
    0x08002512   0x08002512   0x00000002   PAD
    0x08002514   0x08002514   0x0000007c   Code   RO          517    i.TIM_OC4Init       stm32f10x_tim.o
    0x08002590   0x08002590   0x0000001a   Code   RO          519    i.TIM_OC4PreloadConfig  stm32f10x_tim.o
    0x080025aa   0x080025aa   0x00000014   Code   RO          520    i.TIM_OCStructInit  stm32f10x_tim.o
    0x080025be   0x080025be   0x00000002   PAD
    0x080025c0   0x080025c0   0x000000a4   Code   RO          544    i.TIM_TimeBaseInit  stm32f10x_tim.o
    0x08002664   0x08002664   0x00000012   Code   RO          545    i.TIM_TimeBaseStructInit  stm32f10x_tim.o
    0x08002676   0x08002676   0x00000002   PAD
    0x08002678   0x08002678   0x00000068   Code   RO         1315    i.USART1_IRQHandler  stm32f10x_it.o
    0x080026e0   0x080026e0   0x00000012   Code   RO         1005    i.USART_ClearFlag   stm32f10x_usart.o
    0x080026f2   0x080026f2   0x00000018   Code   RO         1009    i.USART_Cmd         stm32f10x_usart.o
    0x0800270a   0x0800270a   0x0000001a   Code   RO         1012    i.USART_GetFlagStatus  stm32f10x_usart.o
    0x08002724   0x08002724   0x00000054   Code   RO         1013    i.USART_GetITStatus  stm32f10x_usart.o
    0x08002778   0x08002778   0x0000004a   Code   RO         1015    i.USART_ITConfig    stm32f10x_usart.o
    0x080027c2   0x080027c2   0x00000002   PAD
    0x080027c4   0x080027c4   0x000000d8   Code   RO         1016    i.USART_Init        stm32f10x_usart.o
    0x0800289c   0x0800289c   0x0000000a   Code   RO         1023    i.USART_ReceiveData  stm32f10x_usart.o
    0x080028a6   0x080028a6   0x00000008   Code   RO         1026    i.USART_SendData    stm32f10x_usart.o
    0x080028ae   0x080028ae   0x00000004   Code   RO         1316    i.UsageFault_Handler  stm32f10x_it.o
    0x080028b2   0x080028b2   0x00000002   PAD
    0x080028b4   0x080028b4   0x0000005c   Code   RO         1240    i.delay_init        delay.o
    0x08002910   0x08002910   0x00000048   Code   RO         1241    i.delay_ms          delay.o
    0x08002958   0x08002958   0x0000005c   Code   RO         1242    i.delay_us          delay.o
    0x080029b4   0x080029b4   0x0000009c   Code   RO         1625    i.exti_init         infrared.o
    0x08002a50   0x08002a50   0x0000003c   Code   RO         1421    i.gpio_init         usart.o
    0x08002a8c   0x08002a8c   0x00000034   Code   RO         1626    i.gpio_init         infrared.o
    0x08002ac0   0x08002ac0   0x00000014   Code   RO         1627    i.infrared_init     infrared.o
    0x08002ad4   0x08002ad4   0x00000040   Code   RO         1665    i.main              main.o
    0x08002b14   0x08002b14   0x00000010   Code   RO         1532    i.motor_config      motor.o
    0x08002b24   0x08002b24   0x0000008c   Code   RO         1533    i.motor_direction   motor.o
    0x08002bb0   0x08002bb0   0x000000f0   Code   RO         1534    i.motor_gpio_change  motor.o
    0x08002ca0   0x08002ca0   0x00000070   Code   RO         1535    i.motor_gpio_config  motor.o
    0x08002d10   0x08002d10   0x00000050   Code   RO         1536    i.motor_pwm         motor.o
    0x08002d60   0x08002d60   0x0000002c   Code   RO         1537    i.motor_rcc_config  motor.o
    0x08002d8c   0x08002d8c   0x0000003c   Code   RO         1538    i.motor_tim_change  motor.o
    0x08002dc8   0x08002dc8   0x000000dc   Code   RO         1539    i.motor_tim_config  motor.o
    0x08002ea4   0x08002ea4   0x00000020   Code   RO         1422    i.nvic_init         usart.o
    0x08002ec4   0x08002ec4   0x0000003a   Code   RO         1628    i.nvic_init         infrared.o
    0x08002efe   0x08002efe   0x0000000e   Code   RO         1423    i.rcc_init          usart.o
    0x08002f0c   0x08002f0c   0x00000014   Code   RO         1629    i.rcc_init          infrared.o
    0x08002f20   0x08002f20   0x00000034   Code   RO         1595    i.rudder_change     rudder.o
    0x08002f54   0x08002f54   0x0000002c   Code   RO         1596    i.rudder_init       rudder.o
    0x08002f80   0x08002f80   0x0000007c   Code   RO         1666    i.start_task        main.o
    0x08002ffc   0x08002ffc   0x00000034   Code   RO         1667    i.tmr1_callback     main.o
    0x08003030   0x08003030   0x0000029c   Code   RO         1668    i.usart1_task       main.o
    0x080032cc   0x080032cc   0x0000003c   Code   RO         1424    i.usart_init        usart.o
    0x08003308   0x08003308   0x00000020   Code   RO         1426    i.usart_send_byte   usart.o
    0x08003328   0x08003328   0x00000010   Data   RO         1428    .constdata          usart.o
    0x08003338   0x08003338   0x00000100   Data   RO         1743    .constdata          os_core.o
    0x08003438   0x08003438   0x00000020   Data   RO         2675    Region$$Table       anon$$obj.o


    Execution Region RW_IRAM1 (Exec base: 0x20000000, Load base: 0x08003458, Size: 0x00003098, Max: 0x00005000, ABSOLUTE)

    Exec Addr    Load Addr    Size         Type   Attr      Idx    E Section Name        Object

    0x20000000   0x08003458   0x00000014   Data   RW          289    .data               stm32f10x_rcc.o
    0x20000014   0x0800346c   0x00000004   Data   RW         1243    .data               delay.o
    0x20000018   0x08003470   0x00000008   Data   RW         1429    .data               usart.o
    0x20000020   0x08003478   0x00000030   Data   RW         1540    .data               motor.o
    0x20000050   0x080034a8   0x00000008   Data   RW         1597    .data               rudder.o
    0x20000058   0x080034b0   0x00000008   Data   RW         1630    .data               infrared.o
    0x20000060   0x080034b8   0x00000011   Data   RW         1670    .data               main.o
    0x20000071   0x080034c9   0x00000003   PAD
    0x20000074   0x080034cc   0x0000005c   Data   RW         1744    .data               os_core.o
    0x200000d0   0x08003528   0x00000006   Data   RW         2445    .data               os_cpu_c.o
    0x200000d6   0x0800352e   0x00000002   PAD
    0x200000d8        -       0x0000001e   Zero   RW         1427    .bss                usart.o
    0x200000f6   0x0800352e   0x00000002   PAD
    0x200000f8        -       0x00001a00   Zero   RW         1669    .bss                main.o
    0x20001af8        -       0x00000f40   Zero   RW         1742    .bss                os_core.o
    0x20002a38        -       0x00000060   Zero   RW         2549    .bss                c_w.l(libspace.o)
    0x20002a98        -       0x00000200   Zero   RW           18    HEAP                startup_stm32f10x_md.o
    0x20002c98        -       0x00000400   Zero   RW           17    STACK               startup_stm32f10x_md.o


==============================================================================

Image component sizes


      Code (inc. data)   RO Data    RW Data    ZI Data      Debug   Object Name

         0          0          0          0          0       4532   core_cm3.o
       272         26          0          4          0      12042   delay.o
       306         10          0          8          0       2769   infrared.o
      1168        154          0         17       6656       4898   main.o
       132         22          0          0          0     250707   misc.o
       912        130          0         48          0       5074   motor.o
      2268        412        256         92       3904      22800   os_core.o
       180         36          0          0          0        328   os_cpu_a.o
       214         10          0          6          0      14032   os_cpu_c.o
        88         14          0          0          0        602   os_flag.o
      1048         72          0          0          0       3984   os_mutex.o
        80          8          0          0          0        571   os_q.o
       400         22          0          0          0       2562   os_sem.o
       790         64          0          0          0       5584   os_task.o
       120         20          0          0          0        640   os_time.o
      1068        124          0          0          0       7106   os_tmr.o
        96         16          0          8          0       1270   rudder.o
        64         26        236          0       1536        796   startup_stm32f10x_md.o
       160         12          0          0          0       1577   stm32f10x_exti.o
       512         10          0          0          0       5140   stm32f10x_gpio.o
       462         40          0          0          0       4975   stm32f10x_it.o
       276         32          0         20          0       4494   stm32f10x_rcc.o
       938         92          0          0          0       8520   stm32f10x_tim.o
       460          6          0          0          0       6735   stm32f10x_usart.o
       328         28          0          0          0       2129   system_stm32f10x.o
       198         18         16          8         30       3181   usart.o

    ----------------------------------------------------------------------
     12582       1404        540        216      12128     377048   Object Totals
         0          0         32          0          0          0   (incl. Generated)
        42          0          0          5          2          0   (incl. Padding)

    ----------------------------------------------------------------------

      Code (inc. data)   RO Data    RW Data    ZI Data      Debug   Library Member Name

         8          0          0          0          0         68   __main.o
         0          0          0          0          0          0   __rtentry.o
        12          0          0          0          0          0   __rtentry2.o
         6          0          0          0          0          0   __rtentry4.o
        52          8          0          0          0          0   __scatter.o
        26          0          0          0          0          0   __scatter_copy.o
        28          0          0          0          0          0   __scatter_zi.o
        18          0          0          0          0         80   exit.o
         6          0          0          0          0        152   heapauxi.o
         0          0          0          0          0          0   indicate_semi.o
         2          0          0          0          0          0   libinit.o
         2          0          0          0          0          0   libinit2.o
         2          0          0          0          0          0   libshutdown.o
         2          0          0          0          0          0   libshutdown2.o
         8          4          0          0         96         68   libspace.o
         2          0          0          0          0          0   rtexit.o
        10          0          0          0          0          0   rtexit2.o
        12          4          0          0          0         68   sys_exit.o
        74          0          0          0          0         80   sys_stackheap_outer.o
         2          0          0          0          0         68   use_no_semi.o

    ----------------------------------------------------------------------
       278         16          0          0         96        584   Library Totals
         6          0          0          0          0          0   (incl. Padding)

    ----------------------------------------------------------------------

      Code (inc. data)   RO Data    RW Data    ZI Data      Debug   Library Name

       272         16          0          0         96        584   c_w.l

    ----------------------------------------------------------------------
       278         16          0          0         96        584   Library Totals

    ----------------------------------------------------------------------

==============================================================================


      Code (inc. data)   RO Data    RW Data    ZI Data      Debug   

     12860       1420        540        216      12224     370660   Grand Totals
     12860       1420        540        216      12224     370660   ELF Image Totals
     12860       1420        540        216          0          0   ROM Totals

==============================================================================

    Total RO  Size (Code + RO Data)                13400 (  13.09kB)
    Total RW  Size (RW Data + ZI Data)             12440 (  12.15kB)
    Total ROM Size (Code + RO Data + RW Data)      13616 (  13.30kB)

==============================================================================

